Archive member included to satisfy reference by file (symbol)

c:/st/stm32cubeide_1.4.0/stm32cubeide/plugins/com.st.stm32cube.ide.mcu.externaltools.gnu-tools-for-stm32.7-2018-q2-update.win32_1.4.0.202007081208/tools/bin/../lib/gcc/arm-none-eabi/7.3.1/../../../../arm-none-eabi/lib/thumb/v7e-m/fpv4-sp/hard\libc_nano.a(lib_a-errno.o)
                              Core/Src/syscalls.o (__errno)
c:/st/stm32cubeide_1.4.0/stm32cubeide/plugins/com.st.stm32cube.ide.mcu.externaltools.gnu-tools-for-stm32.7-2018-q2-update.win32_1.4.0.202007081208/tools/bin/../lib/gcc/arm-none-eabi/7.3.1/../../../../arm-none-eabi/lib/thumb/v7e-m/fpv4-sp/hard\libc_nano.a(lib_a-exit.o)
                              c:/st/stm32cubeide_1.4.0/stm32cubeide/plugins/com.st.stm32cube.ide.mcu.externaltools.gnu-tools-for-stm32.7-2018-q2-update.win32_1.4.0.202007081208/tools/bin/../lib/gcc/arm-none-eabi/7.3.1/../../../../arm-none-eabi/lib/thumb/v7e-m/fpv4-sp/hard/crt0.o (exit)
c:/st/stm32cubeide_1.4.0/stm32cubeide/plugins/com.st.stm32cube.ide.mcu.externaltools.gnu-tools-for-stm32.7-2018-q2-update.win32_1.4.0.202007081208/tools/bin/../lib/gcc/arm-none-eabi/7.3.1/../../../../arm-none-eabi/lib/thumb/v7e-m/fpv4-sp/hard\libc_nano.a(lib_a-impure.o)
                              c:/st/stm32cubeide_1.4.0/stm32cubeide/plugins/com.st.stm32cube.ide.mcu.externaltools.gnu-tools-for-stm32.7-2018-q2-update.win32_1.4.0.202007081208/tools/bin/../lib/gcc/arm-none-eabi/7.3.1/../../../../arm-none-eabi/lib/thumb/v7e-m/fpv4-sp/hard\libc_nano.a(lib_a-exit.o) (_global_impure_ptr)
c:/st/stm32cubeide_1.4.0/stm32cubeide/plugins/com.st.stm32cube.ide.mcu.externaltools.gnu-tools-for-stm32.7-2018-q2-update.win32_1.4.0.202007081208/tools/bin/../lib/gcc/arm-none-eabi/7.3.1/../../../../arm-none-eabi/lib/thumb/v7e-m/fpv4-sp/hard\libc_nano.a(lib_a-init.o)
                              c:/st/stm32cubeide_1.4.0/stm32cubeide/plugins/com.st.stm32cube.ide.mcu.externaltools.gnu-tools-for-stm32.7-2018-q2-update.win32_1.4.0.202007081208/tools/bin/../lib/gcc/arm-none-eabi/7.3.1/../../../../arm-none-eabi/lib/thumb/v7e-m/fpv4-sp/hard/crt0.o (__libc_init_array)
c:/st/stm32cubeide_1.4.0/stm32cubeide/plugins/com.st.stm32cube.ide.mcu.externaltools.gnu-tools-for-stm32.7-2018-q2-update.win32_1.4.0.202007081208/tools/bin/../lib/gcc/arm-none-eabi/7.3.1/../../../../arm-none-eabi/lib/thumb/v7e-m/fpv4-sp/hard\libc_nano.a(lib_a-memcpy-stub.o)
                              Core/Src/UART.o (memcpy)
c:/st/stm32cubeide_1.4.0/stm32cubeide/plugins/com.st.stm32cube.ide.mcu.externaltools.gnu-tools-for-stm32.7-2018-q2-update.win32_1.4.0.202007081208/tools/bin/../lib/gcc/arm-none-eabi/7.3.1/../../../../arm-none-eabi/lib/thumb/v7e-m/fpv4-sp/hard\libc_nano.a(lib_a-memset.o)
                              c:/st/stm32cubeide_1.4.0/stm32cubeide/plugins/com.st.stm32cube.ide.mcu.externaltools.gnu-tools-for-stm32.7-2018-q2-update.win32_1.4.0.202007081208/tools/bin/../lib/gcc/arm-none-eabi/7.3.1/../../../../arm-none-eabi/lib/thumb/v7e-m/fpv4-sp/hard/crt0.o (memset)
c:/st/stm32cubeide_1.4.0/stm32cubeide/plugins/com.st.stm32cube.ide.mcu.externaltools.gnu-tools-for-stm32.7-2018-q2-update.win32_1.4.0.202007081208/tools/bin/../lib/gcc/arm-none-eabi/7.3.1/thumb/v7e-m/fpv4-sp/hard\libgcc.a(_aeabi_uldivmod.o)
                              Drivers/STM32H7xx_HAL_Driver/stm32h7xx_hal_uart.o (__aeabi_uldivmod)
c:/st/stm32cubeide_1.4.0/stm32cubeide/plugins/com.st.stm32cube.ide.mcu.externaltools.gnu-tools-for-stm32.7-2018-q2-update.win32_1.4.0.202007081208/tools/bin/../lib/gcc/arm-none-eabi/7.3.1/thumb/v7e-m/fpv4-sp/hard\libgcc.a(_udivmoddi4.o)
                              c:/st/stm32cubeide_1.4.0/stm32cubeide/plugins/com.st.stm32cube.ide.mcu.externaltools.gnu-tools-for-stm32.7-2018-q2-update.win32_1.4.0.202007081208/tools/bin/../lib/gcc/arm-none-eabi/7.3.1/thumb/v7e-m/fpv4-sp/hard\libgcc.a(_aeabi_uldivmod.o) (__udivmoddi4)
c:/st/stm32cubeide_1.4.0/stm32cubeide/plugins/com.st.stm32cube.ide.mcu.externaltools.gnu-tools-for-stm32.7-2018-q2-update.win32_1.4.0.202007081208/tools/bin/../lib/gcc/arm-none-eabi/7.3.1/thumb/v7e-m/fpv4-sp/hard\libgcc.a(_dvmd_tls.o)
                              c:/st/stm32cubeide_1.4.0/stm32cubeide/plugins/com.st.stm32cube.ide.mcu.externaltools.gnu-tools-for-stm32.7-2018-q2-update.win32_1.4.0.202007081208/tools/bin/../lib/gcc/arm-none-eabi/7.3.1/thumb/v7e-m/fpv4-sp/hard\libgcc.a(_aeabi_uldivmod.o) (__aeabi_ldiv0)

Allocating common symbols
Common symbol       size              file

hsai_BlockB2        0x98              Core/Src/main.o
hdma_usart3_rx      0x78              Core/Src/main.o
hsai_BlockA2        0x98              Core/Src/main.o
huart3              0x8c              Core/Src/main.o
hpcd_USB_OTG_FS     0x408             Core/Src/main.o
hmmc1               0x278             Core/Src/main.o
uwTick              0x4               Drivers/STM32H7xx_HAL_Driver/stm32h7xx_hal.o
hdma_usart3_tx      0x78              Core/Src/main.o
[...]
Memory Configuration

Name             Origin             Length             Attributes
FLASH            0x0000000008100000 0x0000000000100000 xr
RAM              0x0000000010000000 0x0000000000048000 xrw
*default*        0x0000000000000000 0xffffffffffffffff

Linker script and memory map

LOAD c:/st/stm32cubeide_1.4.0/stm32cubeide/plugins/com.st.stm32cube.ide.mcu.externaltools.gnu-tools-for-stm32.7-2018-q2-update.win32_1.4.0.202007081208/tools/bin/../lib/gcc/arm-none-eabi/7.3.1/thumb/v7e-m/fpv4-sp/hard/crti.o
LOAD c:/st/stm32cubeide_1.4.0/stm32cubeide/plugins/com.st.stm32cube.ide.mcu.externaltools.gnu-tools-for-stm32.7-2018-q2-update.win32_1.4.0.202007081208/tools/bin/../lib/gcc/arm-none-eabi/7.3.1/thumb/v7e-m/fpv4-sp/hard/crtbegin.o
LOAD c:/st/stm32cubeide_1.4.0/stm32cubeide/plugins/com.st.stm32cube.ide.mcu.externaltools.gnu-tools-for-stm32.7-2018-q2-update.win32_1.4.0.202007081208/tools/bin/../lib/gcc/arm-none-eabi/7.3.1/../../../../arm-none-eabi/lib/thumb/v7e-m/fpv4-sp/hard/crt0.o
LOAD Common/Src/system_stm32h7xx_dualcore_boot_cm4_cm7.o
LOAD Core/Src/UART.o
LOAD Core/Src/main.o
LOAD Core/Src/stm32h7xx_hal_msp.o
LOAD Core/Src/stm32h7xx_it.o
LOAD Core/Src/syscalls.o
LOAD Core/Src/sysmem.o
LOAD Core/Startup/startup_stm32h745xihx.o
LOAD Drivers/STM32H7xx_HAL_Driver/stm32h7xx_hal.o
LOAD Drivers/STM32H7xx_HAL_Driver/stm32h7xx_hal_cortex.o
LOAD Drivers/STM32H7xx_HAL_Driver/stm32h7xx_hal_dma.o
LOAD Drivers/STM32H7xx_HAL_Driver/stm32h7xx_hal_dma_ex.o
LOAD Drivers/STM32H7xx_HAL_Driver/stm32h7xx_hal_eth.o
LOAD Drivers/STM32H7xx_HAL_Driver/stm32h7xx_hal_eth_ex.o
LOAD Drivers/STM32H7xx_HAL_Driver/stm32h7xx_hal_exti.o
LOAD Drivers/STM32H7xx_HAL_Driver/stm32h7xx_hal_fdcan.o
LOAD Drivers/STM32H7xx_HAL_Driver/stm32h7xx_hal_flash.o
LOAD Drivers/STM32H7xx_HAL_Driver/stm32h7xx_hal_flash_ex.o
LOAD Drivers/STM32H7xx_HAL_Driver/stm32h7xx_hal_gpio.o
LOAD Drivers/STM32H7xx_HAL_Driver/stm32h7xx_hal_hsem.o
LOAD Drivers/STM32H7xx_HAL_Driver/stm32h7xx_hal_i2c.o
LOAD Drivers/STM32H7xx_HAL_Driver/stm32h7xx_hal_i2c_ex.o
LOAD Drivers/STM32H7xx_HAL_Driver/stm32h7xx_hal_ltdc.o
LOAD Drivers/STM32H7xx_HAL_Driver/stm32h7xx_hal_ltdc_ex.o
LOAD Drivers/STM32H7xx_HAL_Driver/stm32h7xx_hal_mdma.o
LOAD Drivers/STM32H7xx_HAL_Driver/stm32h7xx_hal_mmc.o
LOAD Drivers/STM32H7xx_HAL_Driver/stm32h7xx_hal_mmc_ex.o
LOAD Drivers/STM32H7xx_HAL_Driver/stm32h7xx_hal_pcd.o
LOAD Drivers/STM32H7xx_HAL_Driver/stm32h7xx_hal_pcd_ex.o
LOAD Drivers/STM32H7xx_HAL_Driver/stm32h7xx_hal_pwr.o
LOAD Drivers/STM32H7xx_HAL_Driver/stm32h7xx_hal_pwr_ex.o
LOAD Drivers/STM32H7xx_HAL_Driver/stm32h7xx_hal_qspi.o
LOAD Drivers/STM32H7xx_HAL_Driver/stm32h7xx_hal_rcc.o
LOAD Drivers/STM32H7xx_HAL_Driver/stm32h7xx_hal_rcc_ex.o
LOAD Drivers/STM32H7xx_HAL_Driver/stm32h7xx_hal_sai.o
LOAD Drivers/STM32H7xx_HAL_Driver/stm32h7xx_hal_sai_ex.o
LOAD Drivers/STM32H7xx_HAL_Driver/stm32h7xx_hal_sdram.o
LOAD Drivers/STM32H7xx_HAL_Driver/stm32h7xx_hal_tim.o
LOAD Drivers/STM32H7xx_HAL_Driver/stm32h7xx_hal_tim_ex.o
LOAD Drivers/STM32H7xx_HAL_Driver/stm32h7xx_hal_uart.o
LOAD Drivers/STM32H7xx_HAL_Driver/stm32h7xx_hal_uart_ex.o
LOAD Drivers/STM32H7xx_HAL_Driver/stm32h7xx_ll_fmc.o
LOAD Drivers/STM32H7xx_HAL_Driver/stm32h7xx_ll_sdmmc.o
LOAD Drivers/STM32H7xx_HAL_Driver/stm32h7xx_ll_usb.o
START GROUP
LOAD c:/st/stm32cubeide_1.4.0/stm32cubeide/plugins/com.st.stm32cube.ide.mcu.externaltools.gnu-tools-for-stm32.7-2018-q2-update.win32_1.4.0.202007081208/tools/bin/../lib/gcc/arm-none-eabi/7.3.1/../../../../arm-none-eabi/lib/thumb/v7e-m/fpv4-sp/hard\libc_nano.a
LOAD c:/st/stm32cubeide_1.4.0/stm32cubeide/plugins/com.st.stm32cube.ide.mcu.externaltools.gnu-tools-for-stm32.7-2018-q2-update.win32_1.4.0.202007081208/tools/bin/../lib/gcc/arm-none-eabi/7.3.1/../../../../arm-none-eabi/lib/thumb/v7e-m/fpv4-sp/hard\libm.a
END GROUP
START GROUP
LOAD c:/st/stm32cubeide_1.4.0/stm32cubeide/plugins/com.st.stm32cube.ide.mcu.externaltools.gnu-tools-for-stm32.7-2018-q2-update.win32_1.4.0.202007081208/tools/bin/../lib/gcc/arm-none-eabi/7.3.1/thumb/v7e-m/fpv4-sp/hard\libgcc.a
LOAD c:/st/stm32cubeide_1.4.0/stm32cubeide/plugins/com.st.stm32cube.ide.mcu.externaltools.gnu-tools-for-stm32.7-2018-q2-update.win32_1.4.0.202007081208/tools/bin/../lib/gcc/arm-none-eabi/7.3.1/../../../../arm-none-eabi/lib/thumb/v7e-m/fpv4-sp/hard\libc_nano.a
END GROUP
START GROUP
LOAD c:/st/stm32cubeide_1.4.0/stm32cubeide/plugins/com.st.stm32cube.ide.mcu.externaltools.gnu-tools-for-stm32.7-2018-q2-update.win32_1.4.0.202007081208/tools/bin/../lib/gcc/arm-none-eabi/7.3.1/thumb/v7e-m/fpv4-sp/hard\libgcc.a
LOAD c:/st/stm32cubeide_1.4.0/stm32cubeide/plugins/com.st.stm32cube.ide.mcu.externaltools.gnu-tools-for-stm32.7-2018-q2-update.win32_1.4.0.202007081208/tools/bin/../lib/gcc/arm-none-eabi/7.3.1/../../../../arm-none-eabi/lib/thumb/v7e-m/fpv4-sp/hard\libc_nano.a
LOAD c:/st/stm32cubeide_1.4.0/stm32cubeide/plugins/com.st.stm32cube.ide.mcu.externaltools.gnu-tools-for-stm32.7-2018-q2-update.win32_1.4.0.202007081208/tools/bin/../lib/gcc/arm-none-eabi/7.3.1/../../../../arm-none-eabi/lib/thumb/v7e-m/fpv4-sp/hard\libnosys.a
END GROUP
START GROUP
LOAD c:/st/stm32cubeide_1.4.0/stm32cubeide/plugins/com.st.stm32cube.ide.mcu.externaltools.gnu-tools-for-stm32.7-2018-q2-update.win32_1.4.0.202007081208/tools/bin/../lib/gcc/arm-none-eabi/7.3.1/thumb/v7e-m/fpv4-sp/hard\libgcc.a
LOAD c:/st/stm32cubeide_1.4.0/stm32cubeide/plugins/com.st.stm32cube.ide.mcu.externaltools.gnu-tools-for-stm32.7-2018-q2-update.win32_1.4.0.202007081208/tools/bin/../lib/gcc/arm-none-eabi/7.3.1/../../../../arm-none-eabi/lib/thumb/v7e-m/fpv4-sp/hard\libc_nano.a
LOAD c:/st/stm32cubeide_1.4.0/stm32cubeide/plugins/com.st.stm32cube.ide.mcu.externaltools.gnu-tools-for-stm32.7-2018-q2-update.win32_1.4.0.202007081208/tools/bin/../lib/gcc/arm-none-eabi/7.3.1/../../../../arm-none-eabi/lib/thumb/v7e-m/fpv4-sp/hard\libnosys.a
END GROUP
LOAD c:/st/stm32cubeide_1.4.0/stm32cubeide/plugins/com.st.stm32cube.ide.mcu.externaltools.gnu-tools-for-stm32.7-2018-q2-update.win32_1.4.0.202007081208/tools/bin/../lib/gcc/arm-none-eabi/7.3.1/thumb/v7e-m/fpv4-sp/hard/crtend.o
LOAD c:/st/stm32cubeide_1.4.0/stm32cubeide/plugins/com.st.stm32cube.ide.mcu.externaltools.gnu-tools-for-stm32.7-2018-q2-update.win32_1.4.0.202007081208/tools/bin/../lib/gcc/arm-none-eabi/7.3.1/thumb/v7e-m/fpv4-sp/hard/crtn.o
                0x0000000010048000                _estack = 0x10048000
                0x0000000000000200                _Min_Heap_Size = 0x200
                0x0000000000000400                _Min_Stack_Size = 0x400

.isr_vector     0x0000000008100000      0x298
                0x0000000008100000                . = ALIGN (0x4)
 *(.isr_vector)
 .isr_vector    0x0000000008100000      0x298 Core/Startup/startup_stm32h745xihx.o
                0x0000000008100000                g_pfnVectors
                0x0000000008100298                . = ALIGN (0x4)

.text           0x0000000008100298     0xb39c
                0x0000000008100298                . = ALIGN (0x4)
 *(.text)
 .text          0x0000000008100298       0x40 c:/st/stm32cubeide_1.4.0/stm32cubeide/plugins/com.st.stm32cube.ide.mcu.externaltools.gnu-tools-for-stm32.7-2018-q2-update.win32_1.4.0.202007081208/tools/bin/../lib/gcc/arm-none-eabi/7.3.1/thumb/v7e-m/fpv4-sp/hard/crtbegin.o
 .text          0x00000000081002d8       0x30 c:/st/stm32cubeide_1.4.0/stm32cubeide/plugins/com.st.stm32cube.ide.mcu.externaltools.gnu-tools-for-stm32.7-2018-q2-update.win32_1.4.0.202007081208/tools/bin/../lib/gcc/arm-none-eabi/7.3.1/thumb/v7e-m/fpv4-sp/hard\libgcc.a(_aeabi_uldivmod.o)
                0x00000000081002d8                __aeabi_uldivmod
 .text          0x0000000008100308      0x2cc c:/st/stm32cubeide_1.4.0/stm32cubeide/plugins/com.st.stm32cube.ide.mcu.externaltools.gnu-tools-for-stm32.7-2018-q2-update.win32_1.4.0.202007081208/tools/bin/../lib/gcc/arm-none-eabi/7.3.1/thumb/v7e-m/fpv4-sp/hard\libgcc.a(_udivmoddi4.o)
                0x0000000008100308                __udivmoddi4
 .text          0x00000000081005d4        0x4 c:/st/stm32cubeide_1.4.0/stm32cubeide/plugins/com.st.stm32cube.ide.mcu.externaltools.gnu-tools-for-stm32.7-2018-q2-update.win32_1.4.0.202007081208/tools/bin/../lib/gcc/arm-none-eabi/7.3.1/thumb/v7e-m/fpv4-sp/hard\libgcc.a(_dvmd_tls.o)
                0x00000000081005d4                __aeabi_idiv0
                0x00000000081005d4                __aeabi_ldiv0
 *(.text*)
 .text.SystemInit
                0x00000000081005d8       0x38 Common/Src/system_stm32h7xx_dualcore_boot_cm4_cm7.o
                0x00000000081005d8                SystemInit
 .text.UART_init
                0x0000000008100610      0x2b0 Core/Src/UART.o
                0x0000000008100610                UART_init
 .text.UART_Abort_Rx
                0x00000000081008c0       0x96 Core/Src/UART.o
                0x00000000081008c0                UART_Abort_Rx
 *fill*         0x0000000008100956        0x2 
 .text.checkReceiveData
                0x0000000008100958       0x5c Core/Src/UART.o
                0x0000000008100958                checkReceiveData
 .text.UART_IDLE_Handler
                0x00000000081009b4       0x50 Core/Src/UART.o
                0x00000000081009b4                UART_IDLE_Handler
 .text.main     0x0000000008100a04       0xb0 Core/Src/main.o
                0x0000000008100a04                main
 .text.MX_ETH_Init
                0x0000000008100ab4       0xa4 Core/Src/main.o
 .text.MX_FDCAN1_Init
                0x0000000008100b58       0xcc Core/Src/main.o
 .text.MX_FDCAN2_Init
                0x0000000008100c24       0xcc Core/Src/main.o
 .text.MX_LTDC_Init
                0x0000000008100cf0      0x164 Core/Src/main.o
 .text.MX_QUADSPI_Init
                0x0000000008100e54       0x58 Core/Src/main.o
 .text.MX_SAI2_Init
                0x0000000008100eac      0x17c Core/Src/main.o
 .text.MX_SDMMC1_MMC_Init
                0x0000000008101028       0x4c Core/Src/main.o
 .text.MX_USART3_UART_Init
                0x0000000008101074       0x98 Core/Src/main.o
 .text.MX_USB_OTG_FS_PCD_Init
                0x000000000810110c       0x64 Core/Src/main.o
 .text.MX_DMA_Init
                0x0000000008101170       0x50 Core/Src/main.o
 .text.MX_FMC_Init
                0x00000000081011c0       0x9c Core/Src/main.o
 .text.MX_GPIO_Init
                0x000000000810125c      0x190 Core/Src/main.o
 .text.Error_Handler
                0x00000000081013ec        0xe Core/Src/main.o
                0x00000000081013ec                Error_Handler
 *fill*         0x00000000081013fa        0x2 
 .text.HAL_MspInit
                0x00000000081013fc       0x34 Core/Src/stm32h7xx_hal_msp.o
                0x00000000081013fc                HAL_MspInit
 .text.HAL_ETH_MspInit
                0x0000000008101430      0x260 Core/Src/stm32h7xx_hal_msp.o
                0x0000000008101430                HAL_ETH_MspInit
 .text.HAL_FDCAN_MspInit
                0x0000000008101690      0x130 Core/Src/stm32h7xx_hal_msp.o
                0x0000000008101690                HAL_FDCAN_MspInit
 .text.HAL_LTDC_MspInit
                0x00000000081017c0      0x160 Core/Src/stm32h7xx_hal_msp.o
                0x00000000081017c0                HAL_LTDC_MspInit
 .text.HAL_QSPI_MspInit
                0x0000000008101920      0x13c Core/Src/stm32h7xx_hal_msp.o
                0x0000000008101920                HAL_QSPI_MspInit
 .text.HAL_MMC_MspInit
                0x0000000008101a5c      0x11c Core/Src/stm32h7xx_hal_msp.o
                0x0000000008101a5c                HAL_MMC_MspInit
 .text.HAL_UART_MspInit
                0x0000000008101b78      0x16c Core/Src/stm32h7xx_hal_msp.o
                0x0000000008101b78                HAL_UART_MspInit
 .text.HAL_PCD_MspInit
                0x0000000008101ce4       0xb0 Core/Src/stm32h7xx_hal_msp.o
                0x0000000008101ce4                HAL_PCD_MspInit
 .text.HAL_FMC_MspInit
                0x0000000008101d94      0x104 Core/Src/stm32h7xx_hal_msp.o
 .text.HAL_SDRAM_MspInit
                0x0000000008101e98       0x14 Core/Src/stm32h7xx_hal_msp.o
                0x0000000008101e98                HAL_SDRAM_MspInit
 .text.HAL_SAI_MspInit
                0x0000000008101eac       0xe0 Core/Src/stm32h7xx_hal_msp.o
                0x0000000008101eac                HAL_SAI_MspInit
 .text.NMI_Handler
                0x0000000008101f8c        0xe Core/Src/stm32h7xx_it.o
                0x0000000008101f8c                NMI_Handler
 .text.HardFault_Handler
                0x0000000008101f9a        0x6 Core/Src/stm32h7xx_it.o
                0x0000000008101f9a                HardFault_Handler
 .text.MemManage_Handler
                0x0000000008101fa0        0x6 Core/Src/stm32h7xx_it.o
                0x0000000008101fa0                MemManage_Handler
 .text.BusFault_Handler
                0x0000000008101fa6        0x6 Core/Src/stm32h7xx_it.o
                0x0000000008101fa6                BusFault_Handler
 .text.UsageFault_Handler
                0x0000000008101fac        0x6 Core/Src/stm32h7xx_it.o
                0x0000000008101fac                UsageFault_Handler
 .text.SVC_Handler
                0x0000000008101fb2        0xe Core/Src/stm32h7xx_it.o
                0x0000000008101fb2                SVC_Handler
 .text.DebugMon_Handler
                0x0000000008101fc0        0xe Core/Src/stm32h7xx_it.o
                0x0000000008101fc0                DebugMon_Handler
 .text.PendSV_Handler
                0x0000000008101fce        0xe Core/Src/stm32h7xx_it.o
                0x0000000008101fce                PendSV_Handler
 .text.SysTick_Handler
                0x0000000008101fdc        0xc Core/Src/stm32h7xx_it.o
                0x0000000008101fdc                SysTick_Handler
 .text.DMA1_Stream0_IRQHandler
                0x0000000008101fe8       0x14 Core/Src/stm32h7xx_it.o
                0x0000000008101fe8                DMA1_Stream0_IRQHandler
 .text.DMA1_Stream1_IRQHandler
                0x0000000008101ffc       0x14 Core/Src/stm32h7xx_it.o
                0x0000000008101ffc                DMA1_Stream1_IRQHandler
 .text.USART3_IRQHandler
                0x0000000008102010       0x18 Core/Src/stm32h7xx_it.o
                0x0000000008102010                USART3_IRQHandler
 .text.Reset_Handler
                0x0000000008102028       0x50 Core/Startup/startup_stm32h745xihx.o
                0x0000000008102028                Reset_Handler
 .text.Default_Handler
                0x0000000008102078        0x2 Core/Startup/startup_stm32h745xihx.o
                0x0000000008102078                RTC_Alarm_IRQHandler
                0x0000000008102078                EXTI2_IRQHandler
                0x0000000008102078                TIM8_CC_IRQHandler
                0x0000000008102078                HRTIM1_Master_IRQHandler
                0x0000000008102078                UART8_IRQHandler
                0x0000000008102078                SPI4_IRQHandler
                0x0000000008102078                TIM1_CC_IRQHandler
                0x0000000008102078                BDMA_Channel6_IRQHandler
                0x0000000008102078                DMA2_Stream5_IRQHandler
                0x0000000008102078                HRTIM1_FLT_IRQHandler
                0x0000000008102078                JPEG_IRQHandler
                0x0000000008102078                DMA1_Stream5_IRQHandler
                0x0000000008102078                BDMA_Channel1_IRQHandler
                0x0000000008102078                HRTIM1_TIMD_IRQHandler
                0x0000000008102078                TAMP_STAMP_IRQHandler
                0x0000000008102078                EXTI3_IRQHandler
                0x0000000008102078                LPTIM4_IRQHandler
                0x0000000008102078                TIM8_TRG_COM_TIM14_IRQHandler
                0x0000000008102078                LPTIM2_IRQHandler
                0x0000000008102078                DFSDM1_FLT1_IRQHandler
                0x0000000008102078                DMAMUX2_OVR_IRQHandler
                0x0000000008102078                TIM8_UP_TIM13_IRQHandler
                0x0000000008102078                I2C3_ER_IRQHandler
                0x0000000008102078                DFSDM1_FLT2_IRQHandler
                0x0000000008102078                MDMA_IRQHandler
                0x0000000008102078                LPTIM3_IRQHandler
                0x0000000008102078                HSEM1_IRQHandler
                0x0000000008102078                EXTI0_IRQHandler
                0x0000000008102078                I2C2_EV_IRQHandler
                0x0000000008102078                DMA1_Stream2_IRQHandler
                0x0000000008102078                FPU_IRQHandler
                0x0000000008102078                OTG_HS_WKUP_IRQHandler
                0x0000000008102078                FDCAN1_IT1_IRQHandler
                0x0000000008102078                LTDC_ER_IRQHandler
                0x0000000008102078                DMA2_Stream2_IRQHandler
                0x0000000008102078                HRTIM1_TIME_IRQHandler
                0x0000000008102078                SPI1_IRQHandler
                0x0000000008102078                TIM6_DAC_IRQHandler
                0x0000000008102078                DCMI_IRQHandler
                0x0000000008102078                HRTIM1_TIMC_IRQHandler
                0x0000000008102078                DMA2_Stream3_IRQHandler
                0x0000000008102078                SAI2_IRQHandler
                0x0000000008102078                DFSDM1_FLT3_IRQHandler
                0x0000000008102078                USART6_IRQHandler
                0x0000000008102078                TIM17_IRQHandler
                0x0000000008102078                BDMA_Channel7_IRQHandler
                0x0000000008102078                LPTIM5_IRQHandler
                0x0000000008102078                UART5_IRQHandler
                0x0000000008102078                ADC3_IRQHandler
                0x0000000008102078                DMA2_Stream0_IRQHandler
                0x0000000008102078                TIM4_IRQHandler
                0x0000000008102078                BDMA_Channel2_IRQHandler
                0x0000000008102078                QUADSPI_IRQHandler
                0x0000000008102078                I2C1_EV_IRQHandler
                0x0000000008102078                DMA1_Stream6_IRQHandler
                0x0000000008102078                DMAMUX1_OVR_IRQHandler
                0x0000000008102078                TIM16_IRQHandler
                0x0000000008102078                UART4_IRQHandler
                0x0000000008102078                BDMA_Channel5_IRQHandler
                0x0000000008102078                TIM3_IRQHandler
                0x0000000008102078                RCC_IRQHandler
                0x0000000008102078                TIM8_BRK_TIM12_IRQHandler
                0x0000000008102078                TIM1_TRG_COM_IRQHandler
                0x0000000008102078                Default_Handler
                0x0000000008102078                ECC_IRQHandler
                0x0000000008102078                CEC_IRQHandler
                0x0000000008102078                EXTI15_10_IRQHandler
                0x0000000008102078                BDMA_Channel0_IRQHandler
                0x0000000008102078                ADC_IRQHandler
                0x0000000008102078                DMA1_Stream7_IRQHandler
                0x0000000008102078                HRTIM1_TIMA_IRQHandler
                0x0000000008102078                SPI5_IRQHandler
                0x0000000008102078                TIM7_IRQHandler
                0x0000000008102078                SDMMC1_IRQHandler
                0x0000000008102078                TIM5_IRQHandler
                0x0000000008102078                DMA2_Stream7_IRQHandler
                0x0000000008102078                TIM15_IRQHandler
                0x0000000008102078                PVD_AVD_IRQHandler
                0x0000000008102078                I2C3_EV_IRQHandler
                0x0000000008102078                EXTI9_5_IRQHandler
                0x0000000008102078                RTC_WKUP_IRQHandler
                0x0000000008102078                LTDC_IRQHandler
                0x0000000008102078                SAI3_IRQHandler
                0x0000000008102078                ETH_WKUP_IRQHandler
                0x0000000008102078                SPDIF_RX_IRQHandler
                0x0000000008102078                SPI2_IRQHandler
                0x0000000008102078                OTG_HS_EP1_IN_IRQHandler
                0x0000000008102078                CRS_IRQHandler
                0x0000000008102078                CM7_SEV_IRQHandler
                0x0000000008102078                EXTI4_IRQHandler
                0x0000000008102078                RNG_IRQHandler
                0x0000000008102078                CM4_SEV_IRQHandler
                0x0000000008102078                HRTIM1_TIMB_IRQHandler
                0x0000000008102078                FDCAN2_IT1_IRQHandler
                0x0000000008102078                ETH_IRQHandler
                0x0000000008102078                TIM1_UP_IRQHandler
                0x0000000008102078                WWDG_RST_IRQHandler
                0x0000000008102078                BDMA_Channel4_IRQHandler
                0x0000000008102078                OTG_HS_EP1_OUT_IRQHandler
                0x0000000008102078                WWDG_IRQHandler
                0x0000000008102078                SPI6_IRQHandler
                0x0000000008102078                MDIOS_IRQHandler
                0x0000000008102078                I2C4_EV_IRQHandler
                0x0000000008102078                FDCAN2_IT0_IRQHandler
                0x0000000008102078                LPUART1_IRQHandler
                0x0000000008102078                FDCAN1_IT0_IRQHandler
                0x0000000008102078                TIM2_IRQHandler
                0x0000000008102078                OTG_FS_WKUP_IRQHandler
                0x0000000008102078                OTG_HS_IRQHandler
                0x0000000008102078                HSEM2_IRQHandler
                0x0000000008102078                DMA2D_IRQHandler
                0x0000000008102078                TIM1_BRK_IRQHandler
                0x0000000008102078                EXTI1_IRQHandler
                0x0000000008102078                SDMMC2_IRQHandler
                0x0000000008102078                OTG_FS_EP1_OUT_IRQHandler
                0x0000000008102078                BDMA_Channel3_IRQHandler
                0x0000000008102078                HOLD_CORE_IRQHandler
                0x0000000008102078                UART7_IRQHandler
                0x0000000008102078                MDIOS_WKUP_IRQHandler
                0x0000000008102078                USART2_IRQHandler
                0x0000000008102078                DFSDM1_FLT0_IRQHandler
                0x0000000008102078                SAI4_IRQHandler
                0x0000000008102078                I2C2_ER_IRQHandler
                0x0000000008102078                DMA2_Stream1_IRQHandler
                0x0000000008102078                FLASH_IRQHandler
                0x0000000008102078                DMA2_Stream4_IRQHandler
                0x0000000008102078                USART1_IRQHandler
                0x0000000008102078                OTG_FS_IRQHandler
                0x0000000008102078                SPI3_IRQHandler
                0x0000000008102078                WAKEUP_PIN_IRQHandler
                0x0000000008102078                DMA1_Stream4_IRQHandler
                0x0000000008102078                OTG_FS_EP1_IN_IRQHandler
                0x0000000008102078                I2C1_ER_IRQHandler
                0x0000000008102078                FMC_IRQHandler
                0x0000000008102078                FDCAN_CAL_IRQHandler
                0x0000000008102078                SWPMI1_IRQHandler
                0x0000000008102078                COMP1_IRQHandler
                0x0000000008102078                LPTIM1_IRQHandler
                0x0000000008102078                I2C4_ER_IRQHandler
                0x0000000008102078                DMA2_Stream6_IRQHandler
                0x0000000008102078                SAI1_IRQHandler
                0x0000000008102078                DMA1_Stream3_IRQHandler
 *fill*         0x000000000810207a        0x2 
 .text.HAL_Init
                0x000000000810207c       0xbc Drivers/STM32H7xx_HAL_Driver/stm32h7xx_hal.o
                0x000000000810207c                HAL_Init
 .text.HAL_InitTick
                0x0000000008102138       0x6c Drivers/STM32H7xx_HAL_Driver/stm32h7xx_hal.o
                0x0000000008102138                HAL_InitTick
 .text.HAL_IncTick
                0x00000000081021a4       0x28 Drivers/STM32H7xx_HAL_Driver/stm32h7xx_hal.o
                0x00000000081021a4                HAL_IncTick
 .text.HAL_GetTick
                0x00000000081021cc       0x18 Drivers/STM32H7xx_HAL_Driver/stm32h7xx_hal.o
                0x00000000081021cc                HAL_GetTick
 .text.HAL_Delay
                0x00000000081021e4       0x44 Drivers/STM32H7xx_HAL_Driver/stm32h7xx_hal.o
                0x00000000081021e4                HAL_Delay
 .text.HAL_GetREVID
                0x0000000008102228       0x18 Drivers/STM32H7xx_HAL_Driver/stm32h7xx_hal.o
                0x0000000008102228                HAL_GetREVID
 .text.HAL_SYSCFG_ETHInterfaceSelect
                0x0000000008102240       0x28 Drivers/STM32H7xx_HAL_Driver/stm32h7xx_hal.o
                0x0000000008102240                HAL_SYSCFG_ETHInterfaceSelect
 .text.__NVIC_SetPriorityGrouping
                0x0000000008102268       0x48 Drivers/STM32H7xx_HAL_Driver/stm32h7xx_hal_cortex.o
 .text.__NVIC_GetPriorityGrouping
                0x00000000081022b0       0x1c Drivers/STM32H7xx_HAL_Driver/stm32h7xx_hal_cortex.o
 .text.__NVIC_EnableIRQ
                0x00000000081022cc       0x3c Drivers/STM32H7xx_HAL_Driver/stm32h7xx_hal_cortex.o
 .text.__NVIC_SetPriority
                0x0000000008102308       0x54 Drivers/STM32H7xx_HAL_Driver/stm32h7xx_hal_cortex.o
 .text.NVIC_EncodePriority
                0x000000000810235c       0x66 Drivers/STM32H7xx_HAL_Driver/stm32h7xx_hal_cortex.o
 *fill*         0x00000000081023c2        0x2 
 .text.SysTick_Config
                0x00000000081023c4       0x44 Drivers/STM32H7xx_HAL_Driver/stm32h7xx_hal_cortex.o
 .text.HAL_NVIC_SetPriorityGrouping
                0x0000000008102408       0x16 Drivers/STM32H7xx_HAL_Driver/stm32h7xx_hal_cortex.o
                0x0000000008102408                HAL_NVIC_SetPriorityGrouping
 .text.HAL_NVIC_SetPriority
                0x000000000810241e       0x34 Drivers/STM32H7xx_HAL_Driver/stm32h7xx_hal_cortex.o
                0x000000000810241e                HAL_NVIC_SetPriority
 .text.HAL_NVIC_EnableIRQ
                0x0000000008102452       0x1c Drivers/STM32H7xx_HAL_Driver/stm32h7xx_hal_cortex.o
                0x0000000008102452                HAL_NVIC_EnableIRQ
 .text.HAL_SYSTICK_Config
                0x000000000810246e       0x18 Drivers/STM32H7xx_HAL_Driver/stm32h7xx_hal_cortex.o
                0x000000000810246e                HAL_SYSTICK_Config
 *fill*         0x0000000008102486        0x2 
 .text.HAL_GetCurrentCPUID
                0x0000000008102488       0x28 Drivers/STM32H7xx_HAL_Driver/stm32h7xx_hal_cortex.o
                0x0000000008102488                HAL_GetCurrentCPUID
 .text.HAL_DMA_Init
                0x00000000081024b0      0x6b4 Drivers/STM32H7xx_HAL_Driver/stm32h7xx_hal_dma.o
                0x00000000081024b0                HAL_DMA_Init
 .text.HAL_DMA_Start_IT
                0x0000000008102b64      0x4d4 Drivers/STM32H7xx_HAL_Driver/stm32h7xx_hal_dma.o
                0x0000000008102b64                HAL_DMA_Start_IT
 .text.HAL_DMA_Abort
                0x0000000008103038      0x63c Drivers/STM32H7xx_HAL_Driver/stm32h7xx_hal_dma.o
                0x0000000008103038                HAL_DMA_Abort
 .text.HAL_DMA_Abort_IT
                0x0000000008103674      0x488 Drivers/STM32H7xx_HAL_Driver/stm32h7xx_hal_dma.o
                0x0000000008103674                HAL_DMA_Abort_IT
 .text.HAL_DMA_IRQHandler
                0x0000000008103afc      0xe54 Drivers/STM32H7xx_HAL_Driver/stm32h7xx_hal_dma.o
                0x0000000008103afc                HAL_DMA_IRQHandler
 .text.HAL_DMA_GetError
                0x0000000008104950       0x18 Drivers/STM32H7xx_HAL_Driver/stm32h7xx_hal_dma.o
                0x0000000008104950                HAL_DMA_GetError
 .text.DMA_SetConfig
                0x0000000008104968      0x358 Drivers/STM32H7xx_HAL_Driver/stm32h7xx_hal_dma.o
 .text.DMA_CalcBaseAndBitshift
                0x0000000008104cc0      0x164 Drivers/STM32H7xx_HAL_Driver/stm32h7xx_hal_dma.o
 .text.DMA_CheckFifoParam
                0x0000000008104e24       0xf8 Drivers/STM32H7xx_HAL_Driver/stm32h7xx_hal_dma.o
 .text.DMA_CalcDMAMUXChannelBaseAndMask
                0x0000000008104f1c      0x134 Drivers/STM32H7xx_HAL_Driver/stm32h7xx_hal_dma.o
 .text.DMA_CalcDMAMUXRequestGenBaseAndMask
                0x0000000008105050       0xe8 Drivers/STM32H7xx_HAL_Driver/stm32h7xx_hal_dma.o
 .text.HAL_ETH_Init
                0x0000000008105138      0x1b4 Drivers/STM32H7xx_HAL_Driver/stm32h7xx_hal_eth.o
                0x0000000008105138                HAL_ETH_Init
 .text.ETH_SetMACConfig
                0x00000000081052ec      0x238 Drivers/STM32H7xx_HAL_Driver/stm32h7xx_hal_eth.o
 .text.ETH_SetDMAConfig
                0x0000000008105524      0x10c Drivers/STM32H7xx_HAL_Driver/stm32h7xx_hal_eth.o
 .text.ETH_MACDMAConfig
                0x0000000008105630      0x13a Drivers/STM32H7xx_HAL_Driver/stm32h7xx_hal_eth.o
 *fill*         0x000000000810576a        0x2 
 .text.ETH_MAC_MDIO_ClkConfig
                0x000000000810576c       0xb0 Drivers/STM32H7xx_HAL_Driver/stm32h7xx_hal_eth.o
 .text.ETH_DMATxDescListInit
                0x000000000810581c       0x8e Drivers/STM32H7xx_HAL_Driver/stm32h7xx_hal_eth.o
 .text.ETH_DMARxDescListInit
                0x00000000081058aa       0xba Drivers/STM32H7xx_HAL_Driver/stm32h7xx_hal_eth.o
 .text.HAL_FDCAN_Init
                0x0000000008105964      0x3c4 Drivers/STM32H7xx_HAL_Driver/stm32h7xx_hal_fdcan.o
                0x0000000008105964                HAL_FDCAN_Init
 .text.FDCAN_CalcultateRamBlockAddresses
                0x0000000008105d28      0x320 Drivers/STM32H7xx_HAL_Driver/stm32h7xx_hal_fdcan.o
 .text.HAL_GPIO_Init
                0x0000000008106048      0x360 Drivers/STM32H7xx_HAL_Driver/stm32h7xx_hal_gpio.o
                0x0000000008106048                HAL_GPIO_Init
 .text.HAL_GPIO_TogglePin
                0x00000000081063a8       0x36 Drivers/STM32H7xx_HAL_Driver/stm32h7xx_hal_gpio.o
                0x00000000081063a8                HAL_GPIO_TogglePin
 *fill*         0x00000000081063de        0x2 
 .text.HAL_HSEM_ActivateNotification
                0x00000000081063e0       0x24 Drivers/STM32H7xx_HAL_Driver/stm32h7xx_hal_hsem.o
                0x00000000081063e0                HAL_HSEM_ActivateNotification
 .text.HAL_LTDC_Init
                0x0000000008106404      0x1a0 Drivers/STM32H7xx_HAL_Driver/stm32h7xx_hal_ltdc.o
                0x0000000008106404                HAL_LTDC_Init
 .text.HAL_LTDC_ConfigLayer
                0x00000000081065a4       0x7c Drivers/STM32H7xx_HAL_Driver/stm32h7xx_hal_ltdc.o
                0x00000000081065a4                HAL_LTDC_ConfigLayer
 .text.LTDC_SetConfig
                0x0000000008106620      0x32e Drivers/STM32H7xx_HAL_Driver/stm32h7xx_hal_ltdc.o
 .text.HAL_MMC_Init
                0x000000000810694e       0x60 Drivers/STM32H7xx_HAL_Driver/stm32h7xx_hal_mmc.o
                0x000000000810694e                HAL_MMC_Init
 *fill*         0x00000000081069ae        0x2 
 .text.HAL_MMC_InitCard
                0x00000000081069b0      0x11c Drivers/STM32H7xx_HAL_Driver/stm32h7xx_hal_mmc.o
                0x00000000081069b0                HAL_MMC_InitCard
 .text.HAL_MMC_GetCardCSD
                0x0000000008106acc      0x348 Drivers/STM32H7xx_HAL_Driver/stm32h7xx_hal_mmc.o
                0x0000000008106acc                HAL_MMC_GetCardCSD
 .text.MMC_InitCard
                0x0000000008106e14      0x1c4 Drivers/STM32H7xx_HAL_Driver/stm32h7xx_hal_mmc.o
 .text.MMC_PowerON
                0x0000000008106fd8       0xa0 Drivers/STM32H7xx_HAL_Driver/stm32h7xx_hal_mmc.o
 .text.MMC_ReadExtCSD
                0x0000000008107078      0x15c Drivers/STM32H7xx_HAL_Driver/stm32h7xx_hal_mmc.o
                0x0000000008107078                MMC_ReadExtCSD
 .text.HAL_PCD_Init
                0x00000000081071d4      0x248 Drivers/STM32H7xx_HAL_Driver/stm32h7xx_hal_pcd.o
                0x00000000081071d4                HAL_PCD_Init
 .text.HAL_PCDEx_ActivateLPM
                0x000000000810741c       0x48 Drivers/STM32H7xx_HAL_Driver/stm32h7xx_hal_pcd_ex.o
                0x000000000810741c                HAL_PCDEx_ActivateLPM
 .text.HAL_PWREx_EnterSTOPMode
                0x0000000008107464       0xec Drivers/STM32H7xx_HAL_Driver/stm32h7xx_hal_pwr_ex.o
                0x0000000008107464                HAL_PWREx_EnterSTOPMode
 .text.HAL_PWREx_ClearPendingEvent
                0x0000000008107550       0x1a Drivers/STM32H7xx_HAL_Driver/stm32h7xx_hal_pwr_ex.o
                0x0000000008107550                HAL_PWREx_ClearPendingEvent
 *fill*         0x000000000810756a        0x2 
 .text.HAL_QSPI_Init
                0x000000000810756c       0xe8 Drivers/STM32H7xx_HAL_Driver/stm32h7xx_hal_qspi.o
                0x000000000810756c                HAL_QSPI_Init
 .text.HAL_QSPI_SetTimeout
                0x0000000008107654       0x1c Drivers/STM32H7xx_HAL_Driver/stm32h7xx_hal_qspi.o
                0x0000000008107654                HAL_QSPI_SetTimeout
 .text.QSPI_WaitFlagStateUntilTimeout
                0x0000000008107670       0x6e Drivers/STM32H7xx_HAL_Driver/stm32h7xx_hal_qspi.o
 *fill*         0x00000000081076de        0x2 
 .text.HAL_RCC_GetSysClockFreq
                0x00000000081076e0      0x2e4 Drivers/STM32H7xx_HAL_Driver/stm32h7xx_hal_rcc.o
                0x00000000081076e0                HAL_RCC_GetSysClockFreq
 .text.HAL_RCC_GetHCLKFreq
                0x00000000081079c4       0x64 Drivers/STM32H7xx_HAL_Driver/stm32h7xx_hal_rcc.o
                0x00000000081079c4                HAL_RCC_GetHCLKFreq
 .text.HAL_RCC_GetPCLK1Freq
                0x0000000008107a28       0x2c Drivers/STM32H7xx_HAL_Driver/stm32h7xx_hal_rcc.o
                0x0000000008107a28                HAL_RCC_GetPCLK1Freq
 .text.HAL_RCC_GetPCLK2Freq
                0x0000000008107a54       0x2c Drivers/STM32H7xx_HAL_Driver/stm32h7xx_hal_rcc.o
                0x0000000008107a54                HAL_RCC_GetPCLK2Freq
 .text.HAL_RCCEx_GetPeriphCLKFreq
                0x0000000008107a80      0x4f0 Drivers/STM32H7xx_HAL_Driver/stm32h7xx_hal_rcc_ex.o
                0x0000000008107a80                HAL_RCCEx_GetPeriphCLKFreq
 .text.HAL_RCCEx_GetD3PCLK1Freq
                0x0000000008107f70       0x2c Drivers/STM32H7xx_HAL_Driver/stm32h7xx_hal_rcc_ex.o
                0x0000000008107f70                HAL_RCCEx_GetD3PCLK1Freq
 .text.HAL_RCCEx_GetPLL2ClockFreq
                0x0000000008107f9c      0x298 Drivers/STM32H7xx_HAL_Driver/stm32h7xx_hal_rcc_ex.o
                0x0000000008107f9c                HAL_RCCEx_GetPLL2ClockFreq
 .text.HAL_RCCEx_GetPLL3ClockFreq
                0x0000000008108234      0x298 Drivers/STM32H7xx_HAL_Driver/stm32h7xx_hal_rcc_ex.o
                0x0000000008108234                HAL_RCCEx_GetPLL3ClockFreq
 .text.HAL_RCCEx_GetPLL1ClockFreq
                0x00000000081084cc      0x298 Drivers/STM32H7xx_HAL_Driver/stm32h7xx_hal_rcc_ex.o
                0x00000000081084cc                HAL_RCCEx_GetPLL1ClockFreq
 .text.HAL_SAI_Init
                0x0000000008108764      0x53c Drivers/STM32H7xx_HAL_Driver/stm32h7xx_hal_sai.o
                0x0000000008108764                HAL_SAI_Init
 .text.SAI_Disable
                0x0000000008108ca0       0x74 Drivers/STM32H7xx_HAL_Driver/stm32h7xx_hal_sai.o
 .text.HAL_SDRAM_Init
                0x0000000008108d14       0x78 Drivers/STM32H7xx_HAL_Driver/stm32h7xx_hal_sdram.o
                0x0000000008108d14                HAL_SDRAM_Init
 .text.HAL_UART_Init
                0x0000000008108d8c       0xa0 Drivers/STM32H7xx_HAL_Driver/stm32h7xx_hal_uart.o
                0x0000000008108d8c                HAL_UART_Init
 .text.HAL_UART_Transmit_DMA
                0x0000000008108e2c      0x100 Drivers/STM32H7xx_HAL_Driver/stm32h7xx_hal_uart.o
                0x0000000008108e2c                HAL_UART_Transmit_DMA
 .text.HAL_UART_Receive_DMA
                0x0000000008108f2c      0x110 Drivers/STM32H7xx_HAL_Driver/stm32h7xx_hal_uart.o
                0x0000000008108f2c                HAL_UART_Receive_DMA
 .text.HAL_UART_IRQHandler
                0x000000000810903c      0x300 Drivers/STM32H7xx_HAL_Driver/stm32h7xx_hal_uart.o
                0x000000000810903c                HAL_UART_IRQHandler
 .text.HAL_UART_TxCpltCallback
                0x000000000810933c       0x14 Drivers/STM32H7xx_HAL_Driver/stm32h7xx_hal_uart.o
                0x000000000810933c                HAL_UART_TxCpltCallback
 .text.HAL_UART_TxHalfCpltCallback
                0x0000000008109350       0x14 Drivers/STM32H7xx_HAL_Driver/stm32h7xx_hal_uart.o
                0x0000000008109350                HAL_UART_TxHalfCpltCallback
 .text.HAL_UART_RxCpltCallback
                0x0000000008109364       0x14 Drivers/STM32H7xx_HAL_Driver/stm32h7xx_hal_uart.o
                0x0000000008109364                HAL_UART_RxCpltCallback
 .text.HAL_UART_RxHalfCpltCallback
                0x0000000008109378       0x14 Drivers/STM32H7xx_HAL_Driver/stm32h7xx_hal_uart.o
                0x0000000008109378                HAL_UART_RxHalfCpltCallback
 .text.HAL_UART_ErrorCallback
                0x000000000810938c       0x14 Drivers/STM32H7xx_HAL_Driver/stm32h7xx_hal_uart.o
                0x000000000810938c                HAL_UART_ErrorCallback
 .text.UART_SetConfig
                0x00000000081093a0      0xb60 Drivers/STM32H7xx_HAL_Driver/stm32h7xx_hal_uart.o
                0x00000000081093a0                UART_SetConfig
 .text.UART_AdvFeatureConfig
                0x0000000008109f00      0x144 Drivers/STM32H7xx_HAL_Driver/stm32h7xx_hal_uart.o
                0x0000000008109f00                UART_AdvFeatureConfig
 .text.UART_CheckIdleState
                0x000000000810a044       0x90 Drivers/STM32H7xx_HAL_Driver/stm32h7xx_hal_uart.o
                0x000000000810a044                UART_CheckIdleState
 .text.UART_WaitOnFlagUntilTimeout
                0x000000000810a0d4      0x100 Drivers/STM32H7xx_HAL_Driver/stm32h7xx_hal_uart.o
                0x000000000810a0d4                UART_WaitOnFlagUntilTimeout
 .text.UART_EndTxTransfer
                0x000000000810a1d4       0x3c Drivers/STM32H7xx_HAL_Driver/stm32h7xx_hal_uart.o
 .text.UART_EndRxTransfer
                0x000000000810a210       0x46 Drivers/STM32H7xx_HAL_Driver/stm32h7xx_hal_uart.o
 .text.UART_DMATransmitCplt
                0x000000000810a256       0x50 Drivers/STM32H7xx_HAL_Driver/stm32h7xx_hal_uart.o
 .text.UART_DMATxHalfCplt
                0x000000000810a2a6       0x1c Drivers/STM32H7xx_HAL_Driver/stm32h7xx_hal_uart.o
 .text.UART_DMAReceiveCplt
                0x000000000810a2c2       0x66 Drivers/STM32H7xx_HAL_Driver/stm32h7xx_hal_uart.o
 .text.UART_DMARxHalfCplt
                0x000000000810a328       0x1c Drivers/STM32H7xx_HAL_Driver/stm32h7xx_hal_uart.o
 .text.UART_DMAError
                0x000000000810a344       0x80 Drivers/STM32H7xx_HAL_Driver/stm32h7xx_hal_uart.o
 .text.UART_DMAAbortOnError
                0x000000000810a3c4       0x2c Drivers/STM32H7xx_HAL_Driver/stm32h7xx_hal_uart.o
 .text.UART_EndTransmit_IT
                0x000000000810a3f0       0x34 Drivers/STM32H7xx_HAL_Driver/stm32h7xx_hal_uart.o
 .text.HAL_UARTEx_WakeupCallback
                0x000000000810a424       0x14 Drivers/STM32H7xx_HAL_Driver/stm32h7xx_hal_uart_ex.o
                0x000000000810a424                HAL_UARTEx_WakeupCallback
 .text.HAL_UARTEx_RxFifoFullCallback
                0x000000000810a438       0x14 Drivers/STM32H7xx_HAL_Driver/stm32h7xx_hal_uart_ex.o
                0x000000000810a438                HAL_UARTEx_RxFifoFullCallback
 .text.HAL_UARTEx_TxFifoEmptyCallback
                0x000000000810a44c       0x14 Drivers/STM32H7xx_HAL_Driver/stm32h7xx_hal_uart_ex.o
                0x000000000810a44c                HAL_UARTEx_TxFifoEmptyCallback
 .text.HAL_UARTEx_DisableFifoMode
                0x000000000810a460       0x72 Drivers/STM32H7xx_HAL_Driver/stm32h7xx_hal_uart_ex.o
                0x000000000810a460                HAL_UARTEx_DisableFifoMode
 .text.HAL_UARTEx_SetTxFifoThreshold
                0x000000000810a4d2       0x7c Drivers/STM32H7xx_HAL_Driver/stm32h7xx_hal_uart_ex.o
                0x000000000810a4d2                HAL_UARTEx_SetTxFifoThreshold
 .text.HAL_UARTEx_SetRxFifoThreshold
                0x000000000810a54e       0x7c Drivers/STM32H7xx_HAL_Driver/stm32h7xx_hal_uart_ex.o
                0x000000000810a54e                HAL_UARTEx_SetRxFifoThreshold
 *fill*         0x000000000810a5ca        0x2 
 .text.UARTEx_SetNbDataToProcess
                0x000000000810a5cc       0xd0 Drivers/STM32H7xx_HAL_Driver/stm32h7xx_hal_uart_ex.o
 .text.FMC_SDRAM_Init
                0x000000000810a69c       0xba Drivers/STM32H7xx_HAL_Driver/stm32h7xx_ll_fmc.o
                0x000000000810a69c                FMC_SDRAM_Init
 .text.FMC_SDRAM_Timing_Init
                0x000000000810a756       0xd2 Drivers/STM32H7xx_HAL_Driver/stm32h7xx_ll_fmc.o
                0x000000000810a756                FMC_SDRAM_Timing_Init
 .text.SDMMC_Init
                0x000000000810a828       0x54 Drivers/STM32H7xx_HAL_Driver/stm32h7xx_ll_sdmmc.o
                0x000000000810a828                SDMMC_Init
 .text.SDMMC_ReadFIFO
                0x000000000810a87c       0x1a Drivers/STM32H7xx_HAL_Driver/stm32h7xx_ll_sdmmc.o
                0x000000000810a87c                SDMMC_ReadFIFO
 .text.SDMMC_PowerState_ON
                0x000000000810a896       0x22 Drivers/STM32H7xx_HAL_Driver/stm32h7xx_ll_sdmmc.o
                0x000000000810a896                SDMMC_PowerState_ON
 .text.SDMMC_GetPowerState
                0x000000000810a8b8       0x1c Drivers/STM32H7xx_HAL_Driver/stm32h7xx_ll_sdmmc.o
                0x000000000810a8b8                SDMMC_GetPowerState
 .text.SDMMC_SendCommand
                0x000000000810a8d4       0x54 Drivers/STM32H7xx_HAL_Driver/stm32h7xx_ll_sdmmc.o
                0x000000000810a8d4                SDMMC_SendCommand
 .text.SDMMC_GetCommandResponse
                0x000000000810a928       0x1a Drivers/STM32H7xx_HAL_Driver/stm32h7xx_ll_sdmmc.o
                0x000000000810a928                SDMMC_GetCommandResponse
 .text.SDMMC_GetResponse
                0x000000000810a942       0x26 Drivers/STM32H7xx_HAL_Driver/stm32h7xx_ll_sdmmc.o
                0x000000000810a942                SDMMC_GetResponse
 .text.SDMMC_ConfigData
                0x000000000810a968       0x58 Drivers/STM32H7xx_HAL_Driver/stm32h7xx_ll_sdmmc.o
                0x000000000810a968                SDMMC_ConfigData
 .text.SDMMC_CmdBlockLength
                0x000000000810a9c0       0x46 Drivers/STM32H7xx_HAL_Driver/stm32h7xx_ll_sdmmc.o
                0x000000000810a9c0                SDMMC_CmdBlockLength
 .text.SDMMC_CmdSelDesel
                0x000000000810aa06       0x48 Drivers/STM32H7xx_HAL_Driver/stm32h7xx_ll_sdmmc.o
                0x000000000810aa06                SDMMC_CmdSelDesel
 .text.SDMMC_CmdGoIdleState
                0x000000000810aa4e       0x3c Drivers/STM32H7xx_HAL_Driver/stm32h7xx_ll_sdmmc.o
                0x000000000810aa4e                SDMMC_CmdGoIdleState
 .text.SDMMC_CmdSendCID
                0x000000000810aa8a       0x3e Drivers/STM32H7xx_HAL_Driver/stm32h7xx_ll_sdmmc.o
                0x000000000810aa8a                SDMMC_CmdSendCID
 .text.SDMMC_CmdSendCSD
                0x000000000810aac8       0x40 Drivers/STM32H7xx_HAL_Driver/stm32h7xx_ll_sdmmc.o
                0x000000000810aac8                SDMMC_CmdSendCSD
 .text.SDMMC_CmdSetRelAdd
                0x000000000810ab08       0x44 Drivers/STM32H7xx_HAL_Driver/stm32h7xx_ll_sdmmc.o
                0x000000000810ab08                SDMMC_CmdSetRelAdd
 .text.SDMMC_CmdSendStatus
                0x000000000810ab4c       0x46 Drivers/STM32H7xx_HAL_Driver/stm32h7xx_ll_sdmmc.o
                0x000000000810ab4c                SDMMC_CmdSendStatus
 .text.SDMMC_CmdOpCondition
                0x000000000810ab92       0x40 Drivers/STM32H7xx_HAL_Driver/stm32h7xx_ll_sdmmc.o
                0x000000000810ab92                SDMMC_CmdOpCondition
 .text.SDMMC_CmdSendEXTCSD
                0x000000000810abd2       0x46 Drivers/STM32H7xx_HAL_Driver/stm32h7xx_ll_sdmmc.o
                0x000000000810abd2                SDMMC_CmdSendEXTCSD
 .text.SDMMC_GetCmdError
                0x000000000810ac18       0x5c Drivers/STM32H7xx_HAL_Driver/stm32h7xx_ll_sdmmc.o
 .text.SDMMC_GetCmdResp1
                0x000000000810ac74      0x1e4 Drivers/STM32H7xx_HAL_Driver/stm32h7xx_ll_sdmmc.o
 .text.SDMMC_GetCmdResp2
                0x000000000810ae58       0x94 Drivers/STM32H7xx_HAL_Driver/stm32h7xx_ll_sdmmc.o
 .text.SDMMC_GetCmdResp3
                0x000000000810aeec       0x80 Drivers/STM32H7xx_HAL_Driver/stm32h7xx_ll_sdmmc.o
 .text.SDMMC_GetCmdResp6
                0x000000000810af6c       0xf0 Drivers/STM32H7xx_HAL_Driver/stm32h7xx_ll_sdmmc.o
 .text.USB_CoreInit
                0x000000000810b05c       0xc2 Drivers/STM32H7xx_HAL_Driver/stm32h7xx_ll_usb.o
                0x000000000810b05c                USB_CoreInit
 .text.USB_DisableGlobalInt
                0x000000000810b11e       0x22 Drivers/STM32H7xx_HAL_Driver/stm32h7xx_ll_usb.o
                0x000000000810b11e                USB_DisableGlobalInt
 .text.USB_SetCurrentMode
                0x000000000810b140       0x54 Drivers/STM32H7xx_HAL_Driver/stm32h7xx_ll_usb.o
                0x000000000810b140                USB_SetCurrentMode
 .text.USB_DevInit
                0x000000000810b194      0x2bc Drivers/STM32H7xx_HAL_Driver/stm32h7xx_ll_usb.o
                0x000000000810b194                USB_DevInit
 .text.USB_FlushTxFifo
                0x000000000810b450       0x4c Drivers/STM32H7xx_HAL_Driver/stm32h7xx_ll_usb.o
                0x000000000810b450                USB_FlushTxFifo
 .text.USB_FlushRxFifo
                0x000000000810b49c       0x44 Drivers/STM32H7xx_HAL_Driver/stm32h7xx_ll_usb.o
                0x000000000810b49c                USB_FlushRxFifo
 .text.USB_SetDevSpeed
                0x000000000810b4e0       0x32 Drivers/STM32H7xx_HAL_Driver/stm32h7xx_ll_usb.o
                0x000000000810b4e0                USB_SetDevSpeed
 .text.USB_DevDisconnect
                0x000000000810b512       0x30 Drivers/STM32H7xx_HAL_Driver/stm32h7xx_ll_usb.o
                0x000000000810b512                USB_DevDisconnect
 *fill*         0x000000000810b542        0x2 
 .text.USB_CoreReset
                0x000000000810b544       0x68 Drivers/STM32H7xx_HAL_Driver/stm32h7xx_ll_usb.o
 .text.__libc_init_array
                0x000000000810b5ac       0x48 c:/st/stm32cubeide_1.4.0/stm32cubeide/plugins/com.st.stm32cube.ide.mcu.externaltools.gnu-tools-for-stm32.7-2018-q2-update.win32_1.4.0.202007081208/tools/bin/../lib/gcc/arm-none-eabi/7.3.1/../../../../arm-none-eabi/lib/thumb/v7e-m/fpv4-sp/hard\libc_nano.a(lib_a-init.o)
                0x000000000810b5ac                __libc_init_array
 .text.memcpy   0x000000000810b5f4       0x16 c:/st/stm32cubeide_1.4.0/stm32cubeide/plugins/com.st.stm32cube.ide.mcu.externaltools.gnu-tools-for-stm32.7-2018-q2-update.win32_1.4.0.202007081208/tools/bin/../lib/gcc/arm-none-eabi/7.3.1/../../../../arm-none-eabi/lib/thumb/v7e-m/fpv4-sp/hard\libc_nano.a(lib_a-memcpy-stub.o)
                0x000000000810b5f4                memcpy
 .text.memset   0x000000000810b60a       0x10 c:/st/stm32cubeide_1.4.0/stm32cubeide/plugins/com.st.stm32cube.ide.mcu.externaltools.gnu-tools-for-stm32.7-2018-q2-update.win32_1.4.0.202007081208/tools/bin/../lib/gcc/arm-none-eabi/7.3.1/../../../../arm-none-eabi/lib/thumb/v7e-m/fpv4-sp/hard\libc_nano.a(lib_a-memset.o)
                0x000000000810b60a                memset
 *(.glue_7)
 .glue_7        0x000000000810b61a        0x0 linker stubs
 *(.glue_7t)
 .glue_7t       0x000000000810b61a        0x0 linker stubs
 *(.eh_frame)
 *fill*         0x000000000810b61a        0x2 
 .eh_frame      0x000000000810b61c        0x0 c:/st/stm32cubeide_1.4.0/stm32cubeide/plugins/com.st.stm32cube.ide.mcu.externaltools.gnu-tools-for-stm32.7-2018-q2-update.win32_1.4.0.202007081208/tools/bin/../lib/gcc/arm-none-eabi/7.3.1/thumb/v7e-m/fpv4-sp/hard/crtbegin.o
 *(.init)
 .init          0x000000000810b61c        0x4 c:/st/stm32cubeide_1.4.0/stm32cubeide/plugins/com.st.stm32cube.ide.mcu.externaltools.gnu-tools-for-stm32.7-2018-q2-update.win32_1.4.0.202007081208/tools/bin/../lib/gcc/arm-none-eabi/7.3.1/thumb/v7e-m/fpv4-sp/hard/crti.o
                0x000000000810b61c                _init
 .init          0x000000000810b620        0x8 c:/st/stm32cubeide_1.4.0/stm32cubeide/plugins/com.st.stm32cube.ide.mcu.externaltools.gnu-tools-for-stm32.7-2018-q2-update.win32_1.4.0.202007081208/tools/bin/../lib/gcc/arm-none-eabi/7.3.1/thumb/v7e-m/fpv4-sp/hard/crtn.o
 *(.fini)
 .fini          0x000000000810b628        0x4 c:/st/stm32cubeide_1.4.0/stm32cubeide/plugins/com.st.stm32cube.ide.mcu.externaltools.gnu-tools-for-stm32.7-2018-q2-update.win32_1.4.0.202007081208/tools/bin/../lib/gcc/arm-none-eabi/7.3.1/thumb/v7e-m/fpv4-sp/hard/crti.o
                0x000000000810b628                _fini
 .fini          0x000000000810b62c        0x8 c:/st/stm32cubeide_1.4.0/stm32cubeide/plugins/com.st.stm32cube.ide.mcu.externaltools.gnu-tools-for-stm32.7-2018-q2-update.win32_1.4.0.202007081208/tools/bin/../lib/gcc/arm-none-eabi/7.3.1/thumb/v7e-m/fpv4-sp/hard/crtn.o
                0x000000000810b634                . = ALIGN (0x4)
                0x000000000810b634                _etext = .

.vfp11_veneer   0x000000000810b634        0x0
 .vfp11_veneer  0x000000000810b634        0x0 linker stubs

.v4_bx          0x000000000810b634        0x0
 .v4_bx         0x000000000810b634        0x0 linker stubs

.iplt           0x000000000810b634        0x0
 .iplt          0x000000000810b634        0x0 c:/st/stm32cubeide_1.4.0/stm32cubeide/plugins/com.st.stm32cube.ide.mcu.externaltools.gnu-tools-for-stm32.7-2018-q2-update.win32_1.4.0.202007081208/tools/bin/../lib/gcc/arm-none-eabi/7.3.1/thumb/v7e-m/fpv4-sp/hard/crtbegin.o

.rodata         0x000000000810b634       0x8c
                0x000000000810b634                . = ALIGN (0x4)
 *(.rodata)
 .rodata        0x000000000810b634       0x4c Drivers/STM32H7xx_HAL_Driver/stm32h7xx_hal_fdcan.o
 .rodata        0x000000000810b680       0x10 Drivers/STM32H7xx_HAL_Driver/stm32h7xx_hal_uart_ex.o
 *(.rodata*)
 .rodata.D1CorePrescTable
                0x000000000810b690       0x10 Common/Src/system_stm32h7xx_dualcore_boot_cm4_cm7.o
                0x000000000810b690                D1CorePrescTable
 .rodata.flagBitshiftOffset.12366
                0x000000000810b6a0        0x8 Drivers/STM32H7xx_HAL_Driver/stm32h7xx_hal_dma.o
 .rodata.UARTPrescTable
                0x000000000810b6a8       0x18 Drivers/STM32H7xx_HAL_Driver/stm32h7xx_hal_uart.o
                0x000000000810b6a8                UARTPrescTable
                0x000000000810b6c0                . = ALIGN (0x4)

.ARM.extab
 *(.ARM.extab* .gnu.linkonce.armextab.*)

.ARM            0x000000000810b6c0        0x8
                0x000000000810b6c0                __exidx_start = .
 *(.ARM.exidx*)
 .ARM.exidx     0x000000000810b6c0        0x8 c:/st/stm32cubeide_1.4.0/stm32cubeide/plugins/com.st.stm32cube.ide.mcu.externaltools.gnu-tools-for-stm32.7-2018-q2-update.win32_1.4.0.202007081208/tools/bin/../lib/gcc/arm-none-eabi/7.3.1/thumb/v7e-m/fpv4-sp/hard\libgcc.a(_udivmoddi4.o)
                0x000000000810b6c8                __exidx_end = .

.rel.dyn        0x000000000810b6c8        0x0
 .rel.iplt      0x000000000810b6c8        0x0 c:/st/stm32cubeide_1.4.0/stm32cubeide/plugins/com.st.stm32cube.ide.mcu.externaltools.gnu-tools-for-stm32.7-2018-q2-update.win32_1.4.0.202007081208/tools/bin/../lib/gcc/arm-none-eabi/7.3.1/thumb/v7e-m/fpv4-sp/hard/crtbegin.o

.preinit_array  0x000000000810b6c8        0x0
                0x000000000810b6c8                PROVIDE (__preinit_array_start = .)
 *(.preinit_array*)
                0x000000000810b6c8                PROVIDE (__preinit_array_end = .)

.init_array     0x000000000810b6c8        0x4
                0x000000000810b6c8                PROVIDE (__init_array_start = .)
 *(SORT_BY_NAME(.init_array.*))
 *(.init_array*)
 .init_array    0x000000000810b6c8        0x4 c:/st/stm32cubeide_1.4.0/stm32cubeide/plugins/com.st.stm32cube.ide.mcu.externaltools.gnu-tools-for-stm32.7-2018-q2-update.win32_1.4.0.202007081208/tools/bin/../lib/gcc/arm-none-eabi/7.3.1/thumb/v7e-m/fpv4-sp/hard/crtbegin.o
                0x000000000810b6cc                PROVIDE (__init_array_end = .)

.fini_array     0x000000000810b6cc        0x4
                [!provide]                        PROVIDE (__fini_array_start = .)
 *(SORT_BY_NAME(.fini_array.*))
 *(.fini_array*)
 .fini_array    0x000000000810b6cc        0x4 c:/st/stm32cubeide_1.4.0/stm32cubeide/plugins/com.st.stm32cube.ide.mcu.externaltools.gnu-tools-for-stm32.7-2018-q2-update.win32_1.4.0.202007081208/tools/bin/../lib/gcc/arm-none-eabi/7.3.1/thumb/v7e-m/fpv4-sp/hard/crtbegin.o
                [!provide]                        PROVIDE (__fini_array_end = .)
                0x000000000810b6d0                _sidata = LOADADDR (.data)

.data           0x0000000010000000       0x14 load address 0x000000000810b6d0
                0x0000000010000000                . = ALIGN (0x4)
                0x0000000010000000                _sdata = .
 *(.data)
 *(.data*)
 .data.SystemCoreClock
                0x0000000010000000        0x4 Common/Src/system_stm32h7xx_dualcore_boot_cm4_cm7.o
                0x0000000010000000                SystemCoreClock
 .data.SystemD2Clock
                0x0000000010000004        0x4 Common/Src/system_stm32h7xx_dualcore_boot_cm4_cm7.o
                0x0000000010000004                SystemD2Clock
 .data.ghuart   0x0000000010000008        0x4 Core/Src/main.o
                0x0000000010000008                ghuart
 .data.uwTickPrio
                0x000000001000000c        0x4 Drivers/STM32H7xx_HAL_Driver/stm32h7xx_hal.o
                0x000000001000000c                uwTickPrio
 .data.uwTickFreq
                0x0000000010000010        0x1 Drivers/STM32H7xx_HAL_Driver/stm32h7xx_hal.o
                0x0000000010000010                uwTickFreq
                0x0000000010000014                . = ALIGN (0x4)
 *fill*         0x0000000010000011        0x3 
                0x0000000010000014                _edata = .

.igot.plt       0x0000000010000014        0x0 load address 0x000000000810b6e4
 .igot.plt      0x0000000010000014        0x0 c:/st/stm32cubeide_1.4.0/stm32cubeide/plugins/com.st.stm32cube.ide.mcu.externaltools.gnu-tools-for-stm32.7-2018-q2-update.win32_1.4.0.202007081208/tools/bin/../lib/gcc/arm-none-eabi/7.3.1/thumb/v7e-m/fpv4-sp/hard/crtbegin.o

.RxDecripSection
                0x0000000010000014       0x60 load address 0x000000000810b6e4
 .RxDecripSection
                0x0000000010000014       0x60 Core/Src/main.o
                0x0000000010000014                DMARxDscrTab

.TxDecripSection
                0x0000000010000074       0x60 load address 0x000000000810b744
 .TxDecripSection
                0x0000000010000074       0x60 Core/Src/main.o
                0x0000000010000074                DMATxDscrTab
                0x00000000100000d4                . = ALIGN (0x4)

.bss            0x00000000100000d4      0xcd0 load address 0x000000000810b7a4
                0x00000000100000d4                _sbss = .
                0x00000000100000d4                __bss_start__ = _sbss
 *(.bss)
 .bss           0x00000000100000d4       0x1c c:/st/stm32cubeide_1.4.0/stm32cubeide/plugins/com.st.stm32cube.ide.mcu.externaltools.gnu-tools-for-stm32.7-2018-q2-update.win32_1.4.0.202007081208/tools/bin/../lib/gcc/arm-none-eabi/7.3.1/thumb/v7e-m/fpv4-sp/hard/crtbegin.o
 *(.bss*)
 .bss.rx_buffer
                0x00000000100000f0       0x32 Core/Src/UART.o
                0x00000000100000f0                rx_buffer
 *fill*         0x0000000010000122        0x2 
 .bss.rx_Uart_buffer
                0x0000000010000124       0x32 Core/Src/UART.o
                0x0000000010000124                rx_Uart_buffer
 *fill*         0x0000000010000156        0x2 
 .bss.rx_buffer_len
                0x0000000010000158        0x4 Core/Src/UART.o
                0x0000000010000158                rx_buffer_len
 .bss.HAL_RCC_FDCAN_CLK_ENABLED
                0x000000001000015c        0x4 Core/Src/stm32h7xx_hal_msp.o
 .bss.FMC_Initialized
                0x0000000010000160        0x4 Core/Src/stm32h7xx_hal_msp.o
 .bss.SAI2_client
                0x0000000010000164        0x4 Core/Src/stm32h7xx_hal_msp.o
 *(COMMON)
 COMMON         0x0000000010000168      0xc38 Core/Src/main.o
                0x0000000010000168                hsai_BlockB2
                0x0000000010000200                hdma_usart3_rx
                0x0000000010000278                hsai_BlockA2
                0x0000000010000310                huart3
                0x000000001000039c                hpcd_USB_OTG_FS
                0x00000000100007a4                hmmc1
                0x0000000010000a1c                hdma_usart3_tx
                0x0000000010000a94                hltdc
                0x0000000010000b3c                hfdcan1
                0x0000000010000bdc                hsdram1
                0x0000000010000c10                heth
                0x0000000010000c80                TxConfig
                0x0000000010000cb4                hfdcan2
                0x0000000010000d54                hqspi
 COMMON         0x0000000010000da0        0x4 Drivers/STM32H7xx_HAL_Driver/stm32h7xx_hal.o
                0x0000000010000da0                uwTick
                0x0000000010000da4                . = ALIGN (0x4)
                0x0000000010000da4                _ebss = .
                0x0000000010000da4                __bss_end__ = _ebss

._user_heap_stack
                0x0000000010000da4      0x604 load address 0x000000000810b7a4
                0x0000000010000da8                . = ALIGN (0x8)
 *fill*         0x0000000010000da4        0x4 
                [!provide]                        PROVIDE (end = .)
                0x0000000010000da8                PROVIDE (_end = .)
                0x0000000010000fa8                . = (. + _Min_Heap_Size)
 *fill*         0x0000000010000da8      0x200 
                0x00000000100013a8                . = (. + _Min_Stack_Size)
 *fill*         0x0000000010000fa8      0x400 
                0x00000000100013a8                . = ALIGN (0x8)

/DISCARD/
 libc.a(*)
 libm.a(*)
 libgcc.a(*)

.ARM.attributes
                0x0000000000000000       0x30
 *(.ARM.attributes)
 .ARM.attributes
                0x0000000000000000       0x22 c:/st/stm32cubeide_1.4.0/stm32cubeide/plugins/com.st.stm32cube.ide.mcu.externaltools.gnu-tools-for-stm32.7-2018-q2-update.win32_1.4.0.202007081208/tools/bin/../lib/gcc/arm-none-eabi/7.3.1/thumb/v7e-m/fpv4-sp/hard/crti.o
 .ARM.attributes
                0x0000000000000022       0x34 c:/st/stm32cubeide_1.4.0/stm32cubeide/plugins/com.st.stm32cube.ide.mcu.externaltools.gnu-tools-for-stm32.7-2018-q2-update.win32_1.4.0.202007081208/tools/bin/../lib/gcc/arm-none-eabi/7.3.1/thumb/v7e-m/fpv4-sp/hard/crtbegin.o
 .ARM.attributes
                0x0000000000000056       0x39 Common/Src/system_stm32h7xx_dualcore_boot_cm4_cm7.o
 .ARM.attributes
                0x000000000000008f       0x39 Core/Src/UART.o
 .ARM.attributes
                0x00000000000000c8       0x39 Core/Src/main.o
 .ARM.attributes
                0x0000000000000101       0x39 Core/Src/stm32h7xx_hal_msp.o
 .ARM.attributes
                0x000000000000013a       0x39 Core/Src/stm32h7xx_it.o
 .ARM.attributes
                0x0000000000000173       0x21 Core/Startup/startup_stm32h745xihx.o
 .ARM.attributes
                0x0000000000000194       0x39 Drivers/STM32H7xx_HAL_Driver/stm32h7xx_hal.o
 .ARM.attributes
                0x00000000000001cd       0x39 Drivers/STM32H7xx_HAL_Driver/stm32h7xx_hal_cortex.o
 .ARM.attributes
                0x0000000000000206       0x39 Drivers/STM32H7xx_HAL_Driver/stm32h7xx_hal_dma.o
 .ARM.attributes
                0x000000000000023f       0x39 Drivers/STM32H7xx_HAL_Driver/stm32h7xx_hal_eth.o
 .ARM.attributes
                0x0000000000000278       0x39 Drivers/STM32H7xx_HAL_Driver/stm32h7xx_hal_fdcan.o
 .ARM.attributes
                0x00000000000002b1       0x39 Drivers/STM32H7xx_HAL_Driver/stm32h7xx_hal_gpio.o
 .ARM.attributes
                0x00000000000002ea       0x39 Drivers/STM32H7xx_HAL_Driver/stm32h7xx_hal_hsem.o
 .ARM.attributes
                0x0000000000000323       0x39 Drivers/STM32H7xx_HAL_Driver/stm32h7xx_hal_ltdc.o
 .ARM.attributes
                0x000000000000035c       0x39 Drivers/STM32H7xx_HAL_Driver/stm32h7xx_hal_mmc.o
 .ARM.attributes
                0x0000000000000395       0x39 Drivers/STM32H7xx_HAL_Driver/stm32h7xx_hal_pcd.o
 .ARM.attributes
                0x00000000000003ce       0x39 Drivers/STM32H7xx_HAL_Driver/stm32h7xx_hal_pcd_ex.o
 .ARM.attributes
                0x0000000000000407       0x39 Drivers/STM32H7xx_HAL_Driver/stm32h7xx_hal_pwr_ex.o
 .ARM.attributes
                0x0000000000000440       0x39 Drivers/STM32H7xx_HAL_Driver/stm32h7xx_hal_qspi.o
 .ARM.attributes
                0x0000000000000479       0x39 Drivers/STM32H7xx_HAL_Driver/stm32h7xx_hal_rcc.o
 .ARM.attributes
                0x00000000000004b2       0x39 Drivers/STM32H7xx_HAL_Driver/stm32h7xx_hal_rcc_ex.o
 .ARM.attributes
                0x00000000000004eb       0x39 Drivers/STM32H7xx_HAL_Driver/stm32h7xx_hal_sai.o
 .ARM.attributes
                0x0000000000000524       0x39 Drivers/STM32H7xx_HAL_Driver/stm32h7xx_hal_sdram.o
 .ARM.attributes
                0x000000000000055d       0x39 Drivers/STM32H7xx_HAL_Driver/stm32h7xx_hal_uart.o
 .ARM.attributes
                0x0000000000000596       0x39 Drivers/STM32H7xx_HAL_Driver/stm32h7xx_hal_uart_ex.o
 .ARM.attributes
                0x00000000000005cf       0x39 Drivers/STM32H7xx_HAL_Driver/stm32h7xx_ll_fmc.o
 .ARM.attributes
                0x0000000000000608       0x39 Drivers/STM32H7xx_HAL_Driver/stm32h7xx_ll_sdmmc.o
 .ARM.attributes
                0x0000000000000641       0x39 Drivers/STM32H7xx_HAL_Driver/stm32h7xx_ll_usb.o
 .ARM.attributes
                0x000000000000067a       0x34 c:/st/stm32cubeide_1.4.0/stm32cubeide/plugins/com.st.stm32cube.ide.mcu.externaltools.gnu-tools-for-stm32.7-2018-q2-update.win32_1.4.0.202007081208/tools/bin/../lib/gcc/arm-none-eabi/7.3.1/../../../../arm-none-eabi/lib/thumb/v7e-m/fpv4-sp/hard\libc_nano.a(lib_a-init.o)
 .ARM.attributes
                0x00000000000006ae       0x34 c:/st/stm32cubeide_1.4.0/stm32cubeide/plugins/com.st.stm32cube.ide.mcu.externaltools.gnu-tools-for-stm32.7-2018-q2-update.win32_1.4.0.202007081208/tools/bin/../lib/gcc/arm-none-eabi/7.3.1/../../../../arm-none-eabi/lib/thumb/v7e-m/fpv4-sp/hard\libc_nano.a(lib_a-memcpy-stub.o)
 .ARM.attributes
                0x00000000000006e2       0x34 c:/st/stm32cubeide_1.4.0/stm32cubeide/plugins/com.st.stm32cube.ide.mcu.externaltools.gnu-tools-for-stm32.7-2018-q2-update.win32_1.4.0.202007081208/tools/bin/../lib/gcc/arm-none-eabi/7.3.1/../../../../arm-none-eabi/lib/thumb/v7e-m/fpv4-sp/hard\libc_nano.a(lib_a-memset.o)
 .ARM.attributes
                0x0000000000000716       0x22 c:/st/stm32cubeide_1.4.0/stm32cubeide/plugins/com.st.stm32cube.ide.mcu.externaltools.gnu-tools-for-stm32.7-2018-q2-update.win32_1.4.0.202007081208/tools/bin/../lib/gcc/arm-none-eabi/7.3.1/thumb/v7e-m/fpv4-sp/hard\libgcc.a(_aeabi_uldivmod.o)
 .ARM.attributes
                0x0000000000000738       0x34 c:/st/stm32cubeide_1.4.0/stm32cubeide/plugins/com.st.stm32cube.ide.mcu.externaltools.gnu-tools-for-stm32.7-2018-q2-update.win32_1.4.0.202007081208/tools/bin/../lib/gcc/arm-none-eabi/7.3.1/thumb/v7e-m/fpv4-sp/hard\libgcc.a(_udivmoddi4.o)
 .ARM.attributes
                0x000000000000076c       0x22 c:/st/stm32cubeide_1.4.0/stm32cubeide/plugins/com.st.stm32cube.ide.mcu.externaltools.gnu-tools-for-stm32.7-2018-q2-update.win32_1.4.0.202007081208/tools/bin/../lib/gcc/arm-none-eabi/7.3.1/thumb/v7e-m/fpv4-sp/hard\libgcc.a(_dvmd_tls.o)
 .ARM.attributes
                0x000000000000078e       0x22 c:/st/stm32cubeide_1.4.0/stm32cubeide/plugins/com.st.stm32cube.ide.mcu.externaltools.gnu-tools-for-stm32.7-2018-q2-update.win32_1.4.0.202007081208/tools/bin/../lib/gcc/arm-none-eabi/7.3.1/thumb/v7e-m/fpv4-sp/hard/crtn.o
OUTPUT(UartIdle_CM4.elf elf32-littlearm)

.debug_info     0x0000000000000000    0x334d9
 .debug_info    0x0000000000000000     0x10ea Common/Src/system_stm32h7xx_dualcore_boot_cm4_cm7.o
 .debug_info    0x00000000000010ea     0x1346 Core/Src/UART.o
 .debug_info    0x0000000000002430     0x499b Core/Src/main.o
 .debug_info    0x0000000000006dcb     0x49d1 Core/Src/stm32h7xx_hal_msp.o
 .debug_info    0x000000000000b79c     0x1194 Core/Src/stm32h7xx_it.o
 .debug_info    0x000000000000c930       0x22 Core/Startup/startup_stm32h745xihx.o
 .debug_info    0x000000000000c952     0x20a6 Drivers/STM32H7xx_HAL_Driver/stm32h7xx_hal.o
 .debug_info    0x000000000000e9f8     0x190c Drivers/STM32H7xx_HAL_Driver/stm32h7xx_hal_cortex.o
 .debug_info    0x0000000000010304     0x1605 Drivers/STM32H7xx_HAL_Driver/stm32h7xx_hal_dma.o
 .debug_info    0x0000000000011909     0x2f12 Drivers/STM32H7xx_HAL_Driver/stm32h7xx_hal_eth.o
 .debug_info    0x000000000001481b     0x341b Drivers/STM32H7xx_HAL_Driver/stm32h7xx_hal_fdcan.o
 .debug_info    0x0000000000017c36     0x1712 Drivers/STM32H7xx_HAL_Driver/stm32h7xx_hal_gpio.o
 .debug_info    0x0000000000019348      0xdfe Drivers/STM32H7xx_HAL_Driver/stm32h7xx_hal_hsem.o
 .debug_info    0x000000000001a146     0x1a47 Drivers/STM32H7xx_HAL_Driver/stm32h7xx_hal_ltdc.o
 .debug_info    0x000000000001bb8d     0x20c8 Drivers/STM32H7xx_HAL_Driver/stm32h7xx_hal_mmc.o
 .debug_info    0x000000000001dc55     0x1ab4 Drivers/STM32H7xx_HAL_Driver/stm32h7xx_hal_pcd.o
 .debug_info    0x000000000001f709     0x1217 Drivers/STM32H7xx_HAL_Driver/stm32h7xx_hal_pcd_ex.o
 .debug_info    0x0000000000020920     0x1975 Drivers/STM32H7xx_HAL_Driver/stm32h7xx_hal_pwr_ex.o
 .debug_info    0x0000000000022295     0x1bec Drivers/STM32H7xx_HAL_Driver/stm32h7xx_hal_qspi.o
 .debug_info    0x0000000000023e81     0x17c4 Drivers/STM32H7xx_HAL_Driver/stm32h7xx_hal_rcc.o
 .debug_info    0x0000000000025645     0x1c09 Drivers/STM32H7xx_HAL_Driver/stm32h7xx_hal_rcc_ex.o
 .debug_info    0x000000000002724e     0x1cc3 Drivers/STM32H7xx_HAL_Driver/stm32h7xx_hal_sai.o
 .debug_info    0x0000000000028f11     0x1894 Drivers/STM32H7xx_HAL_Driver/stm32h7xx_hal_sdram.o
 .debug_info    0x000000000002a7a5     0x24aa Drivers/STM32H7xx_HAL_Driver/stm32h7xx_hal_uart.o
 .debug_info    0x000000000002cc4f     0x14a9 Drivers/STM32H7xx_HAL_Driver/stm32h7xx_hal_uart_ex.o
 .debug_info    0x000000000002e0f8     0x15c1 Drivers/STM32H7xx_HAL_Driver/stm32h7xx_ll_fmc.o
 .debug_info    0x000000000002f6b9     0x1b7e Drivers/STM32H7xx_HAL_Driver/stm32h7xx_ll_sdmmc.o
 .debug_info    0x0000000000031237     0x22a2 Drivers/STM32H7xx_HAL_Driver/stm32h7xx_ll_usb.o

.debug_abbrev   0x0000000000000000     0x48b2
 .debug_abbrev  0x0000000000000000      0x21f Common/Src/system_stm32h7xx_dualcore_boot_cm4_cm7.o
 .debug_abbrev  0x000000000000021f      0x226 Core/Src/UART.o
 .debug_abbrev  0x0000000000000445      0x2b1 Core/Src/main.o
 .debug_abbrev  0x00000000000006f6      0x2aa Core/Src/stm32h7xx_hal_msp.o
 .debug_abbrev  0x00000000000009a0      0x1d6 Core/Src/stm32h7xx_it.o
 .debug_abbrev  0x0000000000000b76       0x12 Core/Startup/startup_stm32h745xihx.o
 .debug_abbrev  0x0000000000000b88      0x2e2 Drivers/STM32H7xx_HAL_Driver/stm32h7xx_hal.o
 .debug_abbrev  0x0000000000000e6a      0x3b5 Drivers/STM32H7xx_HAL_Driver/stm32h7xx_hal_cortex.o
 .debug_abbrev  0x000000000000121f      0x289 Drivers/STM32H7xx_HAL_Driver/stm32h7xx_hal_dma.o
 .debug_abbrev  0x00000000000014a8      0x2e2 Drivers/STM32H7xx_HAL_Driver/stm32h7xx_hal_eth.o
 .debug_abbrev  0x000000000000178a      0x2f3 Drivers/STM32H7xx_HAL_Driver/stm32h7xx_hal_fdcan.o
 .debug_abbrev  0x0000000000001a7d      0x28f Drivers/STM32H7xx_HAL_Driver/stm32h7xx_hal_gpio.o
 .debug_abbrev  0x0000000000001d0c      0x2ab Drivers/STM32H7xx_HAL_Driver/stm32h7xx_hal_hsem.o
 .debug_abbrev  0x0000000000001fb7      0x2ad Drivers/STM32H7xx_HAL_Driver/stm32h7xx_hal_ltdc.o
 .debug_abbrev  0x0000000000002264      0x2eb Drivers/STM32H7xx_HAL_Driver/stm32h7xx_hal_mmc.o
 .debug_abbrev  0x000000000000254f      0x2f4 Drivers/STM32H7xx_HAL_Driver/stm32h7xx_hal_pcd.o
 .debug_abbrev  0x0000000000002843      0x2a2 Drivers/STM32H7xx_HAL_Driver/stm32h7xx_hal_pcd_ex.o
 .debug_abbrev  0x0000000000002ae5      0x33a Drivers/STM32H7xx_HAL_Driver/stm32h7xx_hal_pwr_ex.o
 .debug_abbrev  0x0000000000002e1f      0x2ac Drivers/STM32H7xx_HAL_Driver/stm32h7xx_hal_qspi.o
 .debug_abbrev  0x00000000000030cb      0x2e2 Drivers/STM32H7xx_HAL_Driver/stm32h7xx_hal_rcc.o
 .debug_abbrev  0x00000000000033ad      0x2db Drivers/STM32H7xx_HAL_Driver/stm32h7xx_hal_rcc_ex.o
 .debug_abbrev  0x0000000000003688      0x2be Drivers/STM32H7xx_HAL_Driver/stm32h7xx_hal_sai.o
 .debug_abbrev  0x0000000000003946      0x273 Drivers/STM32H7xx_HAL_Driver/stm32h7xx_hal_sdram.o
 .debug_abbrev  0x0000000000003bb9      0x2bb Drivers/STM32H7xx_HAL_Driver/stm32h7xx_hal_uart.o
 .debug_abbrev  0x0000000000003e74      0x26f Drivers/STM32H7xx_HAL_Driver/stm32h7xx_hal_uart_ex.o
 .debug_abbrev  0x00000000000040e3      0x23f Drivers/STM32H7xx_HAL_Driver/stm32h7xx_ll_fmc.o
 .debug_abbrev  0x0000000000004322      0x286 Drivers/STM32H7xx_HAL_Driver/stm32h7xx_ll_sdmmc.o
 .debug_abbrev  0x00000000000045a8      0x30a Drivers/STM32H7xx_HAL_Driver/stm32h7xx_ll_usb.o

.debug_aranges  0x0000000000000000     0x1d80
 .debug_aranges
                0x0000000000000000       0x28 Common/Src/system_stm32h7xx_dualcore_boot_cm4_cm7.o
 .debug_aranges
                0x0000000000000028       0x38 Core/Src/UART.o
 .debug_aranges
                0x0000000000000060       0x88 Core/Src/main.o
 .debug_aranges
                0x00000000000000e8       0xc0 Core/Src/stm32h7xx_hal_msp.o
 .debug_aranges
                0x00000000000001a8       0x78 Core/Src/stm32h7xx_it.o
 .debug_aranges
                0x0000000000000220       0x28 Core/Startup/startup_stm32h745xihx.o
 .debug_aranges
                0x0000000000000248      0x220 Drivers/STM32H7xx_HAL_Driver/stm32h7xx_hal.o
 .debug_aranges
                0x0000000000000468      0x120 Drivers/STM32H7xx_HAL_Driver/stm32h7xx_hal_cortex.o
 .debug_aranges
                0x0000000000000588       0xa0 Drivers/STM32H7xx_HAL_Driver/stm32h7xx_hal_dma.o
 .debug_aranges
                0x0000000000000628      0x1b0 Drivers/STM32H7xx_HAL_Driver/stm32h7xx_hal_eth.o
 .debug_aranges
                0x00000000000007d8      0x338 Drivers/STM32H7xx_HAL_Driver/stm32h7xx_hal_fdcan.o
 .debug_aranges
                0x0000000000000b10       0x58 Drivers/STM32H7xx_HAL_Driver/stm32h7xx_hal_gpio.o
 .debug_aranges
                0x0000000000000b68       0x70 Drivers/STM32H7xx_HAL_Driver/stm32h7xx_hal_hsem.o
 .debug_aranges
                0x0000000000000bd8      0x158 Drivers/STM32H7xx_HAL_Driver/stm32h7xx_hal_ltdc.o
 .debug_aranges
                0x0000000000000d30      0x178 Drivers/STM32H7xx_HAL_Driver/stm32h7xx_hal_mmc.o
 .debug_aranges
                0x0000000000000ea8      0x130 Drivers/STM32H7xx_HAL_Driver/stm32h7xx_hal_pcd.o
 .debug_aranges
                0x0000000000000fd8       0x60 Drivers/STM32H7xx_HAL_Driver/stm32h7xx_hal_pcd_ex.o
 .debug_aranges
                0x0000000000001038      0x170 Drivers/STM32H7xx_HAL_Driver/stm32h7xx_hal_pwr_ex.o
 .debug_aranges
                0x00000000000011a8      0x148 Drivers/STM32H7xx_HAL_Driver/stm32h7xx_hal_qspi.o
 .debug_aranges
                0x00000000000012f0       0x88 Drivers/STM32H7xx_HAL_Driver/stm32h7xx_hal_rcc.o
 .debug_aranges
                0x0000000000001378      0x100 Drivers/STM32H7xx_HAL_Driver/stm32h7xx_hal_rcc_ex.o
 .debug_aranges
                0x0000000000001478      0x178 Drivers/STM32H7xx_HAL_Driver/stm32h7xx_hal_sai.o
 .debug_aranges
                0x00000000000015f0       0xe8 Drivers/STM32H7xx_HAL_Driver/stm32h7xx_hal_sdram.o
 .debug_aranges
                0x00000000000016d8      0x230 Drivers/STM32H7xx_HAL_Driver/stm32h7xx_hal_uart.o
 .debug_aranges
                0x0000000000001908       0x88 Drivers/STM32H7xx_HAL_Driver/stm32h7xx_hal_uart_ex.o
 .debug_aranges
                0x0000000000001990       0xc8 Drivers/STM32H7xx_HAL_Driver/stm32h7xx_ll_fmc.o
 .debug_aranges
                0x0000000000001a58      0x190 Drivers/STM32H7xx_HAL_Driver/stm32h7xx_ll_sdmmc.o
 .debug_aranges
                0x0000000000001be8      0x198 Drivers/STM32H7xx_HAL_Driver/stm32h7xx_ll_usb.o

.debug_ranges   0x0000000000000000     0x1be0
 .debug_ranges  0x0000000000000000       0x18 Common/Src/system_stm32h7xx_dualcore_boot_cm4_cm7.o
 .debug_ranges  0x0000000000000018       0x28 Core/Src/UART.o
 .debug_ranges  0x0000000000000040       0x78 Core/Src/main.o
 .debug_ranges  0x00000000000000b8       0xb0 Core/Src/stm32h7xx_hal_msp.o
 .debug_ranges  0x0000000000000168       0x68 Core/Src/stm32h7xx_it.o
 .debug_ranges  0x00000000000001d0       0x20 Core/Startup/startup_stm32h745xihx.o
 .debug_ranges  0x00000000000001f0      0x210 Drivers/STM32H7xx_HAL_Driver/stm32h7xx_hal.o
 .debug_ranges  0x0000000000000400      0x110 Drivers/STM32H7xx_HAL_Driver/stm32h7xx_hal_cortex.o
 .debug_ranges  0x0000000000000510       0x90 Drivers/STM32H7xx_HAL_Driver/stm32h7xx_hal_dma.o
 .debug_ranges  0x00000000000005a0      0x1a0 Drivers/STM32H7xx_HAL_Driver/stm32h7xx_hal_eth.o
 .debug_ranges  0x0000000000000740      0x328 Drivers/STM32H7xx_HAL_Driver/stm32h7xx_hal_fdcan.o
 .debug_ranges  0x0000000000000a68       0x48 Drivers/STM32H7xx_HAL_Driver/stm32h7xx_hal_gpio.o
 .debug_ranges  0x0000000000000ab0       0x60 Drivers/STM32H7xx_HAL_Driver/stm32h7xx_hal_hsem.o
 .debug_ranges  0x0000000000000b10      0x148 Drivers/STM32H7xx_HAL_Driver/stm32h7xx_hal_ltdc.o
 .debug_ranges  0x0000000000000c58      0x168 Drivers/STM32H7xx_HAL_Driver/stm32h7xx_hal_mmc.o
 .debug_ranges  0x0000000000000dc0      0x120 Drivers/STM32H7xx_HAL_Driver/stm32h7xx_hal_pcd.o
 .debug_ranges  0x0000000000000ee0       0x50 Drivers/STM32H7xx_HAL_Driver/stm32h7xx_hal_pcd_ex.o
 .debug_ranges  0x0000000000000f30      0x160 Drivers/STM32H7xx_HAL_Driver/stm32h7xx_hal_pwr_ex.o
 .debug_ranges  0x0000000000001090      0x138 Drivers/STM32H7xx_HAL_Driver/stm32h7xx_hal_qspi.o
 .debug_ranges  0x00000000000011c8       0x78 Drivers/STM32H7xx_HAL_Driver/stm32h7xx_hal_rcc.o
 .debug_ranges  0x0000000000001240       0xf0 Drivers/STM32H7xx_HAL_Driver/stm32h7xx_hal_rcc_ex.o
 .debug_ranges  0x0000000000001330      0x180 Drivers/STM32H7xx_HAL_Driver/stm32h7xx_hal_sai.o
 .debug_ranges  0x00000000000014b0       0xd8 Drivers/STM32H7xx_HAL_Driver/stm32h7xx_hal_sdram.o
 .debug_ranges  0x0000000000001588      0x220 Drivers/STM32H7xx_HAL_Driver/stm32h7xx_hal_uart.o
 .debug_ranges  0x00000000000017a8       0x78 Drivers/STM32H7xx_HAL_Driver/stm32h7xx_hal_uart_ex.o
 .debug_ranges  0x0000000000001820       0xb8 Drivers/STM32H7xx_HAL_Driver/stm32h7xx_ll_fmc.o
 .debug_ranges  0x00000000000018d8      0x180 Drivers/STM32H7xx_HAL_Driver/stm32h7xx_ll_sdmmc.o
 .debug_ranges  0x0000000000001a58      0x188 Drivers/STM32H7xx_HAL_Driver/stm32h7xx_ll_usb.o

.debug_macro    0x0000000000000000    0x3ed42
 .debug_macro   0x0000000000000000      0x34d Common/Src/system_stm32h7xx_dualcore_boot_cm4_cm7.o
 .debug_macro   0x000000000000034d      0xa60 Common/Src/system_stm32h7xx_dualcore_boot_cm4_cm7.o
 .debug_macro   0x0000000000000dad       0x2e Common/Src/system_stm32h7xx_dualcore_boot_cm4_cm7.o
 .debug_macro   0x0000000000000ddb       0x3b Common/Src/system_stm32h7xx_dualcore_boot_cm4_cm7.o
 .debug_macro   0x0000000000000e16       0x22 Common/Src/system_stm32h7xx_dualcore_boot_cm4_cm7.o
 .debug_macro   0x0000000000000e38       0x8e Common/Src/system_stm32h7xx_dualcore_boot_cm4_cm7.o
 .debug_macro   0x0000000000000ec6       0x51 Common/Src/system_stm32h7xx_dualcore_boot_cm4_cm7.o
 .debug_macro   0x0000000000000f17       0xef Common/Src/system_stm32h7xx_dualcore_boot_cm4_cm7.o
 .debug_macro   0x0000000000001006       0x6a Common/Src/system_stm32h7xx_dualcore_boot_cm4_cm7.o
 .debug_macro   0x0000000000001070      0x1df Common/Src/system_stm32h7xx_dualcore_boot_cm4_cm7.o
 .debug_macro   0x000000000000124f       0x1c Common/Src/system_stm32h7xx_dualcore_boot_cm4_cm7.o
 .debug_macro   0x000000000000126b       0x22 Common/Src/system_stm32h7xx_dualcore_boot_cm4_cm7.o
 .debug_macro   0x000000000000128d       0xdf Common/Src/system_stm32h7xx_dualcore_boot_cm4_cm7.o
 .debug_macro   0x000000000000136c     0x102d Common/Src/system_stm32h7xx_dualcore_boot_cm4_cm7.o
 .debug_macro   0x0000000000002399      0x11f Common/Src/system_stm32h7xx_dualcore_boot_cm4_cm7.o
 .debug_macro   0x00000000000024b8    0x26850 Common/Src/system_stm32h7xx_dualcore_boot_cm4_cm7.o
 .debug_macro   0x0000000000028d08       0x43 Common/Src/system_stm32h7xx_dualcore_boot_cm4_cm7.o
 .debug_macro   0x0000000000028d4b      0x262 Common/Src/system_stm32h7xx_dualcore_boot_cm4_cm7.o
 .debug_macro   0x0000000000028fad     0x3cd3 Common/Src/system_stm32h7xx_dualcore_boot_cm4_cm7.o
 .debug_macro   0x000000000002cc80      0x174 Common/Src/system_stm32h7xx_dualcore_boot_cm4_cm7.o
 .debug_macro   0x000000000002cdf4       0x46 Common/Src/system_stm32h7xx_dualcore_boot_cm4_cm7.o
 .debug_macro   0x000000000002ce3a       0x18 Common/Src/system_stm32h7xx_dualcore_boot_cm4_cm7.o
 .debug_macro   0x000000000002ce52       0x3c Common/Src/system_stm32h7xx_dualcore_boot_cm4_cm7.o
 .debug_macro   0x000000000002ce8e       0x34 Common/Src/system_stm32h7xx_dualcore_boot_cm4_cm7.o
 .debug_macro   0x000000000002cec2       0x52 Common/Src/system_stm32h7xx_dualcore_boot_cm4_cm7.o
 .debug_macro   0x000000000002cf14       0x1f Common/Src/system_stm32h7xx_dualcore_boot_cm4_cm7.o
 .debug_macro   0x000000000002cf33       0x43 Common/Src/system_stm32h7xx_dualcore_boot_cm4_cm7.o
 .debug_macro   0x000000000002cf76       0x20 Common/Src/system_stm32h7xx_dualcore_boot_cm4_cm7.o
 .debug_macro   0x000000000002cf96      0x1a3 Common/Src/system_stm32h7xx_dualcore_boot_cm4_cm7.o
 .debug_macro   0x000000000002d139      0x32a Common/Src/system_stm32h7xx_dualcore_boot_cm4_cm7.o
 .debug_macro   0x000000000002d463      0x1e1 Common/Src/system_stm32h7xx_dualcore_boot_cm4_cm7.o
 .debug_macro   0x000000000002d644       0x54 Common/Src/system_stm32h7xx_dualcore_boot_cm4_cm7.o
 .debug_macro   0x000000000002d698     0x3a9d Common/Src/system_stm32h7xx_dualcore_boot_cm4_cm7.o
 .debug_macro   0x0000000000031135     0x104f Common/Src/system_stm32h7xx_dualcore_boot_cm4_cm7.o
 .debug_macro   0x0000000000032184      0x138 Common/Src/system_stm32h7xx_dualcore_boot_cm4_cm7.o
 .debug_macro   0x00000000000322bc      0x133 Common/Src/system_stm32h7xx_dualcore_boot_cm4_cm7.o
 .debug_macro   0x00000000000323ef      0x3be Common/Src/system_stm32h7xx_dualcore_boot_cm4_cm7.o
 .debug_macro   0x00000000000327ad       0x27 Common/Src/system_stm32h7xx_dualcore_boot_cm4_cm7.o
 .debug_macro   0x00000000000327d4      0x72d Common/Src/system_stm32h7xx_dualcore_boot_cm4_cm7.o
 .debug_macro   0x0000000000032f01      0x229 Common/Src/system_stm32h7xx_dualcore_boot_cm4_cm7.o
 .debug_macro   0x000000000003312a       0x66 Common/Src/system_stm32h7xx_dualcore_boot_cm4_cm7.o
 .debug_macro   0x0000000000033190      0x3bb Common/Src/system_stm32h7xx_dualcore_boot_cm4_cm7.o
 .debug_macro   0x000000000003354b      0xa6e Common/Src/system_stm32h7xx_dualcore_boot_cm4_cm7.o
 .debug_macro   0x0000000000033fb9      0x129 Common/Src/system_stm32h7xx_dualcore_boot_cm4_cm7.o
 .debug_macro   0x00000000000340e2      0x408 Common/Src/system_stm32h7xx_dualcore_boot_cm4_cm7.o
 .debug_macro   0x00000000000344ea      0x244 Common/Src/system_stm32h7xx_dualcore_boot_cm4_cm7.o
 .debug_macro   0x000000000003472e      0xe34 Common/Src/system_stm32h7xx_dualcore_boot_cm4_cm7.o
 .debug_macro   0x0000000000035562      0x3cb Common/Src/system_stm32h7xx_dualcore_boot_cm4_cm7.o
 .debug_macro   0x000000000003592d      0x4b7 Common/Src/system_stm32h7xx_dualcore_boot_cm4_cm7.o
 .debug_macro   0x0000000000035de4       0x51 Common/Src/system_stm32h7xx_dualcore_boot_cm4_cm7.o
 .debug_macro   0x0000000000035e35       0x4a Common/Src/system_stm32h7xx_dualcore_boot_cm4_cm7.o
 .debug_macro   0x0000000000035e7f      0x22c Common/Src/system_stm32h7xx_dualcore_boot_cm4_cm7.o
 .debug_macro   0x00000000000360ab       0x64 Common/Src/system_stm32h7xx_dualcore_boot_cm4_cm7.o
 .debug_macro   0x000000000003610f       0xa5 Common/Src/system_stm32h7xx_dualcore_boot_cm4_cm7.o
 .debug_macro   0x00000000000361b4      0x814 Common/Src/system_stm32h7xx_dualcore_boot_cm4_cm7.o
 .debug_macro   0x00000000000369c8      0x21b Common/Src/system_stm32h7xx_dualcore_boot_cm4_cm7.o
 .debug_macro   0x0000000000036be3      0x198 Common/Src/system_stm32h7xx_dualcore_boot_cm4_cm7.o
 .debug_macro   0x0000000000036d7b       0xd6 Common/Src/system_stm32h7xx_dualcore_boot_cm4_cm7.o
 .debug_macro   0x0000000000036e51      0x219 Common/Src/system_stm32h7xx_dualcore_boot_cm4_cm7.o
 .debug_macro   0x000000000003706a      0x2eb Common/Src/system_stm32h7xx_dualcore_boot_cm4_cm7.o
 .debug_macro   0x0000000000037355       0x35 Common/Src/system_stm32h7xx_dualcore_boot_cm4_cm7.o
 .debug_macro   0x000000000003738a      0x2d4 Common/Src/system_stm32h7xx_dualcore_boot_cm4_cm7.o
 .debug_macro   0x000000000003765e      0x3bb Common/Src/system_stm32h7xx_dualcore_boot_cm4_cm7.o
 .debug_macro   0x0000000000037a19       0x10 Common/Src/system_stm32h7xx_dualcore_boot_cm4_cm7.o
 .debug_macro   0x0000000000037a29       0xe4 Common/Src/system_stm32h7xx_dualcore_boot_cm4_cm7.o
 .debug_macro   0x0000000000037b0d      0x513 Common/Src/system_stm32h7xx_dualcore_boot_cm4_cm7.o
 .debug_macro   0x0000000000038020      0x662 Common/Src/system_stm32h7xx_dualcore_boot_cm4_cm7.o
 .debug_macro   0x0000000000038682       0xa6 Common/Src/system_stm32h7xx_dualcore_boot_cm4_cm7.o
 .debug_macro   0x0000000000038728      0x21e Common/Src/system_stm32h7xx_dualcore_boot_cm4_cm7.o
 .debug_macro   0x0000000000038946       0x90 Common/Src/system_stm32h7xx_dualcore_boot_cm4_cm7.o
 .debug_macro   0x00000000000389d6      0x798 Common/Src/system_stm32h7xx_dualcore_boot_cm4_cm7.o
 .debug_macro   0x000000000003916e      0x389 Core/Src/UART.o
 .debug_macro   0x00000000000394f7       0x10 Core/Src/UART.o
 .debug_macro   0x0000000000039507       0x22 Core/Src/UART.o
 .debug_macro   0x0000000000039529       0x16 Core/Src/UART.o
 .debug_macro   0x000000000003953f       0x35 Core/Src/UART.o
 .debug_macro   0x0000000000039574       0x20 Core/Src/UART.o
 .debug_macro   0x0000000000039594      0x395 Core/Src/main.o
 .debug_macro   0x0000000000039929      0x1ff Core/Src/main.o
 .debug_macro   0x0000000000039b28      0x356 Core/Src/stm32h7xx_hal_msp.o
 .debug_macro   0x0000000000039e7e      0x360 Core/Src/stm32h7xx_it.o
 .debug_macro   0x000000000003a1de      0x371 Drivers/STM32H7xx_HAL_Driver/stm32h7xx_hal.o
 .debug_macro   0x000000000003a54f      0x347 Drivers/STM32H7xx_HAL_Driver/stm32h7xx_hal_cortex.o
 .debug_macro   0x000000000003a896      0x39b Drivers/STM32H7xx_HAL_Driver/stm32h7xx_hal_dma.o
 .debug_macro   0x000000000003ac31      0x3d4 Drivers/STM32H7xx_HAL_Driver/stm32h7xx_hal_eth.o
 .debug_macro   0x000000000003b005      0x40c Drivers/STM32H7xx_HAL_Driver/stm32h7xx_hal_fdcan.o
 .debug_macro   0x000000000003b411      0x391 Drivers/STM32H7xx_HAL_Driver/stm32h7xx_hal_gpio.o
 .debug_macro   0x000000000003b7a2      0x359 Drivers/STM32H7xx_HAL_Driver/stm32h7xx_hal_hsem.o
 .debug_macro   0x000000000003bafb      0x348 Drivers/STM32H7xx_HAL_Driver/stm32h7xx_hal_ltdc.o
 .debug_macro   0x000000000003be43      0x348 Drivers/STM32H7xx_HAL_Driver/stm32h7xx_hal_mmc.o
 .debug_macro   0x000000000003c18b      0x353 Drivers/STM32H7xx_HAL_Driver/stm32h7xx_hal_pcd.o
 .debug_macro   0x000000000003c4de      0x347 Drivers/STM32H7xx_HAL_Driver/stm32h7xx_hal_pcd_ex.o
 .debug_macro   0x000000000003c825      0x380 Drivers/STM32H7xx_HAL_Driver/stm32h7xx_hal_pwr_ex.o
 .debug_macro   0x000000000003cba5      0x36b Drivers/STM32H7xx_HAL_Driver/stm32h7xx_hal_qspi.o
 .debug_macro   0x000000000003cf10      0x36b Drivers/STM32H7xx_HAL_Driver/stm32h7xx_hal_rcc.o
 .debug_macro   0x000000000003d27b      0x365 Drivers/STM32H7xx_HAL_Driver/stm32h7xx_hal_rcc_ex.o
 .debug_macro   0x000000000003d5e0      0x356 Drivers/STM32H7xx_HAL_Driver/stm32h7xx_hal_sai.o
 .debug_macro   0x000000000003d936      0x347 Drivers/STM32H7xx_HAL_Driver/stm32h7xx_hal_sdram.o
 .debug_macro   0x000000000003dc7d      0x372 Drivers/STM32H7xx_HAL_Driver/stm32h7xx_hal_uart.o
 .debug_macro   0x000000000003dfef      0x353 Drivers/STM32H7xx_HAL_Driver/stm32h7xx_hal_uart_ex.o
 .debug_macro   0x000000000003e342      0x371 Drivers/STM32H7xx_HAL_Driver/stm32h7xx_ll_fmc.o
 .debug_macro   0x000000000003e6b3      0x348 Drivers/STM32H7xx_HAL_Driver/stm32h7xx_ll_sdmmc.o
 .debug_macro   0x000000000003e9fb      0x347 Drivers/STM32H7xx_HAL_Driver/stm32h7xx_ll_usb.o

.debug_line     0x0000000000000000    0x19c79
 .debug_line    0x0000000000000000      0xa09 Common/Src/system_stm32h7xx_dualcore_boot_cm4_cm7.o
 .debug_line    0x0000000000000a09      0xad9 Core/Src/UART.o
 .debug_line    0x00000000000014e2      0xc02 Core/Src/main.o
 .debug_line    0x00000000000020e4      0xc71 Core/Src/stm32h7xx_hal_msp.o
 .debug_line    0x0000000000002d55      0xa83 Core/Src/stm32h7xx_it.o
 .debug_line    0x00000000000037d8       0x87 Core/Startup/startup_stm32h745xihx.o
 .debug_line    0x000000000000385f      0xeb4 Drivers/STM32H7xx_HAL_Driver/stm32h7xx_hal.o
 .debug_line    0x0000000000004713      0xcfb Drivers/STM32H7xx_HAL_Driver/stm32h7xx_hal_cortex.o
 .debug_line    0x000000000000540e     0x1e2d Drivers/STM32H7xx_HAL_Driver/stm32h7xx_hal_dma.o
 .debug_line    0x000000000000723b     0x1274 Drivers/STM32H7xx_HAL_Driver/stm32h7xx_hal_eth.o
 .debug_line    0x00000000000084af     0x16bc Drivers/STM32H7xx_HAL_Driver/stm32h7xx_hal_fdcan.o
 .debug_line    0x0000000000009b6b      0xbb6 Drivers/STM32H7xx_HAL_Driver/stm32h7xx_hal_gpio.o
 .debug_line    0x000000000000a721      0xaa2 Drivers/STM32H7xx_HAL_Driver/stm32h7xx_hal_hsem.o
 .debug_line    0x000000000000b1c3     0x1294 Drivers/STM32H7xx_HAL_Driver/stm32h7xx_hal_ltdc.o
 .debug_line    0x000000000000c457     0x1343 Drivers/STM32H7xx_HAL_Driver/stm32h7xx_hal_mmc.o
 .debug_line    0x000000000000d79a      0xf40 Drivers/STM32H7xx_HAL_Driver/stm32h7xx_hal_pcd.o
 .debug_line    0x000000000000e6da      0xaa8 Drivers/STM32H7xx_HAL_Driver/stm32h7xx_hal_pcd_ex.o
 .debug_line    0x000000000000f182      0xe1f Drivers/STM32H7xx_HAL_Driver/stm32h7xx_hal_pwr_ex.o
 .debug_line    0x000000000000ffa1      0xfba Drivers/STM32H7xx_HAL_Driver/stm32h7xx_hal_qspi.o
 .debug_line    0x0000000000010f5b      0xd9c Drivers/STM32H7xx_HAL_Driver/stm32h7xx_hal_rcc.o
 .debug_line    0x0000000000011cf7     0x100c Drivers/STM32H7xx_HAL_Driver/stm32h7xx_hal_rcc_ex.o
 .debug_line    0x0000000000012d03     0x12bb Drivers/STM32H7xx_HAL_Driver/stm32h7xx_hal_sai.o
 .debug_line    0x0000000000013fbe      0xdc4 Drivers/STM32H7xx_HAL_Driver/stm32h7xx_hal_sdram.o
 .debug_line    0x0000000000014d82     0x1751 Drivers/STM32H7xx_HAL_Driver/stm32h7xx_hal_uart.o
 .debug_line    0x00000000000164d3      0xc2c Drivers/STM32H7xx_HAL_Driver/stm32h7xx_hal_uart_ex.o
 .debug_line    0x00000000000170ff      0xbe7 Drivers/STM32H7xx_HAL_Driver/stm32h7xx_ll_fmc.o
 .debug_line    0x0000000000017ce6      0xead Drivers/STM32H7xx_HAL_Driver/stm32h7xx_ll_sdmmc.o
 .debug_line    0x0000000000018b93     0x10e6 Drivers/STM32H7xx_HAL_Driver/stm32h7xx_ll_usb.o

.debug_str      0x0000000000000000   0x198b73
 .debug_str     0x0000000000000000   0x18b815 Common/Src/system_stm32h7xx_dualcore_boot_cm4_cm7.o
                                     0x18bd4f (size before relaxing)
 .debug_str     0x000000000018b815      0x695 Core/Src/UART.o
                                     0x18c147 (size before relaxing)
 .debug_str     0x000000000018beaa     0x2e07 Core/Src/main.o
                                     0x18f2a4 (size before relaxing)
 .debug_str     0x000000000018ecb1      0x1f3 Core/Src/stm32h7xx_hal_msp.o
                                     0x18f093 (size before relaxing)
 .debug_str     0x000000000018eea4       0xff Core/Src/stm32h7xx_it.o
                                     0x18c821 (size before relaxing)
 .debug_str     0x000000000018efa3       0x36 Core/Startup/startup_stm32h745xihx.o
                                         0x58 (size before relaxing)
 .debug_str     0x000000000018efd9      0xa37 Drivers/STM32H7xx_HAL_Driver/stm32h7xx_hal.o
                                     0x18d02d (size before relaxing)
 .debug_str     0x000000000018fa10      0x3bb Drivers/STM32H7xx_HAL_Driver/stm32h7xx_hal_cortex.o
                                     0x18c803 (size before relaxing)
 .debug_str     0x000000000018fdcb      0x861 Drivers/STM32H7xx_HAL_Driver/stm32h7xx_hal_dma.o
                                     0x18c672 (size before relaxing)
 .debug_str     0x000000000019062c     0x1022 Drivers/STM32H7xx_HAL_Driver/stm32h7xx_hal_eth.o
                                     0x18d5f5 (size before relaxing)
 .debug_str     0x000000000019164e     0x1b9e Drivers/STM32H7xx_HAL_Driver/stm32h7xx_hal_fdcan.o
                                     0x18dbe8 (size before relaxing)
 .debug_str     0x00000000001931ec      0x260 Drivers/STM32H7xx_HAL_Driver/stm32h7xx_hal_gpio.o
                                     0x18c089 (size before relaxing)
 .debug_str     0x000000000019344c      0x1d6 Drivers/STM32H7xx_HAL_Driver/stm32h7xx_hal_hsem.o
                                     0x18bc53 (size before relaxing)
 .debug_str     0x0000000000193622      0x4ab Drivers/STM32H7xx_HAL_Driver/stm32h7xx_hal_ltdc.o
                                     0x18c1dd (size before relaxing)
 .debug_str     0x0000000000193acd      0x70b Drivers/STM32H7xx_HAL_Driver/stm32h7xx_hal_mmc.o
                                     0x18c531 (size before relaxing)
 .debug_str     0x00000000001941d8      0x545 Drivers/STM32H7xx_HAL_Driver/stm32h7xx_hal_pcd.o
                                     0x18c373 (size before relaxing)
 .debug_str     0x000000000019471d      0x1c9 Drivers/STM32H7xx_HAL_Driver/stm32h7xx_hal_pcd_ex.o
                                     0x18bfec (size before relaxing)
 .debug_str     0x00000000001948e6      0x6c3 Drivers/STM32H7xx_HAL_Driver/stm32h7xx_hal_pwr_ex.o
                                     0x18c3d2 (size before relaxing)
 .debug_str     0x0000000000194fa9      0x699 Drivers/STM32H7xx_HAL_Driver/stm32h7xx_hal_qspi.o
                                     0x18c60a (size before relaxing)
 .debug_str     0x0000000000195642      0x533 Drivers/STM32H7xx_HAL_Driver/stm32h7xx_hal_rcc.o
                                     0x18c2b5 (size before relaxing)
 .debug_str     0x0000000000195b75      0x97b Drivers/STM32H7xx_HAL_Driver/stm32h7xx_hal_rcc_ex.o
                                     0x18c7cf (size before relaxing)
 .debug_str     0x00000000001964f0      0x454 Drivers/STM32H7xx_HAL_Driver/stm32h7xx_hal_sai.o
                                     0x18c4cd (size before relaxing)
 .debug_str     0x0000000000196944      0x303 Drivers/STM32H7xx_HAL_Driver/stm32h7xx_hal_sdram.o
                                     0x18c2bc (size before relaxing)
 .debug_str     0x0000000000196c47      0x93b Drivers/STM32H7xx_HAL_Driver/stm32h7xx_hal_uart.o
                                     0x18cbca (size before relaxing)
 .debug_str     0x0000000000197582      0x298 Drivers/STM32H7xx_HAL_Driver/stm32h7xx_hal_uart_ex.o
                                     0x18c214 (size before relaxing)
 .debug_str     0x000000000019781a      0x83b Drivers/STM32H7xx_HAL_Driver/stm32h7xx_ll_fmc.o
                                     0x18c4c4 (size before relaxing)
 .debug_str     0x0000000000198055      0x49d Drivers/STM32H7xx_HAL_Driver/stm32h7xx_ll_sdmmc.o
                                     0x18c0b3 (size before relaxing)
 .debug_str     0x00000000001984f2      0x681 Drivers/STM32H7xx_HAL_Driver/stm32h7xx_ll_usb.o
                                     0x18c4de (size before relaxing)

.comment        0x0000000000000000       0x7b
 .comment       0x0000000000000000       0x7b Common/Src/system_stm32h7xx_dualcore_boot_cm4_cm7.o
                                         0x7c (size before relaxing)
 .comment       0x000000000000007b       0x7c Core/Src/UART.o
 .comment       0x000000000000007b       0x7c Core/Src/main.o
 .comment       0x000000000000007b       0x7c Core/Src/stm32h7xx_hal_msp.o
 .comment       0x000000000000007b       0x7c Core/Src/stm32h7xx_it.o
 .comment       0x000000000000007b       0x7c Drivers/STM32H7xx_HAL_Driver/stm32h7xx_hal.o
 .comment       0x000000000000007b       0x7c Drivers/STM32H7xx_HAL_Driver/stm32h7xx_hal_cortex.o
 .comment       0x000000000000007b       0x7c Drivers/STM32H7xx_HAL_Driver/stm32h7xx_hal_dma.o
 .comment       0x000000000000007b       0x7c Drivers/STM32H7xx_HAL_Driver/stm32h7xx_hal_eth.o
 .comment       0x000000000000007b       0x7c Drivers/STM32H7xx_HAL_Driver/stm32h7xx_hal_fdcan.o
 .comment       0x000000000000007b       0x7c Drivers/STM32H7xx_HAL_Driver/stm32h7xx_hal_gpio.o
 .comment       0x000000000000007b       0x7c Drivers/STM32H7xx_HAL_Driver/stm32h7xx_hal_hsem.o
 .comment       0x000000000000007b       0x7c Drivers/STM32H7xx_HAL_Driver/stm32h7xx_hal_ltdc.o
 .comment       0x000000000000007b       0x7c Drivers/STM32H7xx_HAL_Driver/stm32h7xx_hal_mmc.o
 .comment       0x000000000000007b       0x7c Drivers/STM32H7xx_HAL_Driver/stm32h7xx_hal_pcd.o
 .comment       0x000000000000007b       0x7c Drivers/STM32H7xx_HAL_Driver/stm32h7xx_hal_pcd_ex.o
 .comment       0x000000000000007b       0x7c Drivers/STM32H7xx_HAL_Driver/stm32h7xx_hal_pwr_ex.o
 .comment       0x000000000000007b       0x7c Drivers/STM32H7xx_HAL_Driver/stm32h7xx_hal_qspi.o
 .comment       0x000000000000007b       0x7c Drivers/STM32H7xx_HAL_Driver/stm32h7xx_hal_rcc.o
 .comment       0x000000000000007b       0x7c Drivers/STM32H7xx_HAL_Driver/stm32h7xx_hal_rcc_ex.o