main.c:123:5:main	16	static
main.c:190:13:MX_ETH_Init	8	static
main.c:236:13:MX_FDCAN1_Init	8	static
main.c:289:13:MX_FDCAN2_Init	8	static
main.c:342:13:MX_LTDC_Init	112	static
main.c:424:13:MX_QUADSPI_Init	8	static
main.c:459:13:MX_SAI2_Init	8	static
main.c:540:13:MX_SDMMC1_MMC_Init	8	static
main.c:572:13:MX_USART3_UART_Init	8	static
main.c:620:13:MX_USB_OTG_FS_PCD_Init	8	static
main.c:654:13:MX_DMA_Init	16	static
main.c:671:6:MX_FMC_Init	40	static
main.c:722:13:MX_GPIO_Init	72	static
main.c:757:6:Error_Handler	4	static
