stm32h7xx_hal_msp.c:67:6:HAL_MspInit	16	static
stm32h7xx_hal_msp.c:88:6:HAL_ETH_MspInit	80	static
stm32h7xx_hal_msp.c:190:6:HAL_ETH_MspDeInit	16	static
stm32h7xx_hal_msp.c:251:6:HAL_FDCAN_MspInit	56	static
stm32h7xx_hal_msp.c:317:6:HAL_FDCAN_MspDeInit	16	static
stm32h7xx_hal_msp.c:370:6:HAL_LTDC_MspInit	56	static
stm32h7xx_hal_msp.c:461:6:HAL_LTDC_MspDeInit	16	static
stm32h7xx_hal_msp.c:527:6:HAL_QSPI_MspInit	56	static
stm32h7xx_hal_msp.c:590:6:HAL_QSPI_MspDeInit	16	static
stm32h7xx_hal_msp.c:627:6:HAL_MMC_MspInit	56	static
stm32h7xx_hal_msp.c:688:6:HAL_MMC_MspDeInit	16	static
stm32h7xx_hal_msp.c:730:6:HAL_UART_MspInit	48	static
stm32h7xx_hal_msp.c:806:6:HAL_UART_MspDeInit	16	static
stm32h7xx_hal_msp.c:841:6:HAL_PCD_MspInit	48	static
stm32h7xx_hal_msp.c:883:6:HAL_PCD_MspDeInit	16	static
stm32h7xx_hal_msp.c:909:13:HAL_FMC_MspInit	32	static
stm32h7xx_hal_msp.c:1008:6:HAL_SDRAM_MspInit	16	static
stm32h7xx_hal_msp.c:1020:13:HAL_FMC_MspDeInit	8	static
stm32h7xx_hal_msp.c:1092:6:HAL_SDRAM_MspDeInit	16	static
stm32h7xx_hal_msp.c:1104:6:HAL_SAI_MspInit	48	static
stm32h7xx_hal_msp.c:1154:6:HAL_SAI_MspDeInit	16	static
